Archive member included to satisfy reference by file (symbol)

c:/data/program files (x86)/arm gnu toolchain arm-none-eabi/11.3 rel1/bin/../lib/gcc/arm-none-eabi/11.3.1/thumb/v7e-m+fp/hard\libc_nano.a(libc_a-exit.o)
                              c:/data/program files (x86)/arm gnu toolchain arm-none-eabi/11.3 rel1/bin/../lib/gcc/arm-none-eabi/11.3.1/thumb/v7e-m+fp/hard/crt0.o (exit)
c:/data/program files (x86)/arm gnu toolchain arm-none-eabi/11.3 rel1/bin/../lib/gcc/arm-none-eabi/11.3.1/thumb/v7e-m+fp/hard\libc_nano.a(libc_a-findfp.o)
                              c:/data/program files (x86)/arm gnu toolchain arm-none-eabi/11.3 rel1/bin/../lib/gcc/arm-none-eabi/11.3.1/thumb/v7e-m+fp/hard\libc_nano.a(libc_a-exit.o) (__stdio_exit_handler)
c:/data/program files (x86)/arm gnu toolchain arm-none-eabi/11.3 rel1/bin/../lib/gcc/arm-none-eabi/11.3.1/thumb/v7e-m+fp/hard\libc_nano.a(libc_a-fwalk.o)
                              c:/data/program files (x86)/arm gnu toolchain arm-none-eabi/11.3 rel1/bin/../lib/gcc/arm-none-eabi/11.3.1/thumb/v7e-m+fp/hard\libc_nano.a(libc_a-findfp.o) (_fwalk_sglue)
c:/data/program files (x86)/arm gnu toolchain arm-none-eabi/11.3 rel1/bin/../lib/gcc/arm-none-eabi/11.3.1/thumb/v7e-m+fp/hard\libc_nano.a(libc_a-sprintf.o)
                              build/main.o (sprintf)
c:/data/program files (x86)/arm gnu toolchain arm-none-eabi/11.3 rel1/bin/../lib/gcc/arm-none-eabi/11.3.1/thumb/v7e-m+fp/hard\libc_nano.a(libc_a-stdio.o)
                              c:/data/program files (x86)/arm gnu toolchain arm-none-eabi/11.3 rel1/bin/../lib/gcc/arm-none-eabi/11.3.1/thumb/v7e-m+fp/hard\libc_nano.a(libc_a-findfp.o) (__sread)
c:/data/program files (x86)/arm gnu toolchain arm-none-eabi/11.3 rel1/bin/../lib/gcc/arm-none-eabi/11.3.1/thumb/v7e-m+fp/hard\libc_nano.a(libc_a-memset.o)
                              c:/data/program files (x86)/arm gnu toolchain arm-none-eabi/11.3 rel1/bin/../lib/gcc/arm-none-eabi/11.3.1/thumb/v7e-m+fp/hard/crt0.o (memset)
c:/data/program files (x86)/arm gnu toolchain arm-none-eabi/11.3 rel1/bin/../lib/gcc/arm-none-eabi/11.3.1/thumb/v7e-m+fp/hard\libc_nano.a(libc_a-closer.o)
                              c:/data/program files (x86)/arm gnu toolchain arm-none-eabi/11.3 rel1/bin/../lib/gcc/arm-none-eabi/11.3.1/thumb/v7e-m+fp/hard\libc_nano.a(libc_a-stdio.o) (_close_r)
c:/data/program files (x86)/arm gnu toolchain arm-none-eabi/11.3 rel1/bin/../lib/gcc/arm-none-eabi/11.3.1/thumb/v7e-m+fp/hard\libc_nano.a(libc_a-reent.o)
                              c:/data/program files (x86)/arm gnu toolchain arm-none-eabi/11.3 rel1/bin/../lib/gcc/arm-none-eabi/11.3.1/thumb/v7e-m+fp/hard\libc_nano.a(libc_a-closer.o) (errno)
c:/data/program files (x86)/arm gnu toolchain arm-none-eabi/11.3 rel1/bin/../lib/gcc/arm-none-eabi/11.3.1/thumb/v7e-m+fp/hard\libc_nano.a(libc_a-impure.o)
                              c:/data/program files (x86)/arm gnu toolchain arm-none-eabi/11.3 rel1/bin/../lib/gcc/arm-none-eabi/11.3.1/thumb/v7e-m+fp/hard\libc_nano.a(libc_a-sprintf.o) (_impure_ptr)
c:/data/program files (x86)/arm gnu toolchain arm-none-eabi/11.3 rel1/bin/../lib/gcc/arm-none-eabi/11.3.1/thumb/v7e-m+fp/hard\libc_nano.a(libc_a-lseekr.o)
                              c:/data/program files (x86)/arm gnu toolchain arm-none-eabi/11.3 rel1/bin/../lib/gcc/arm-none-eabi/11.3.1/thumb/v7e-m+fp/hard\libc_nano.a(libc_a-stdio.o) (_lseek_r)
c:/data/program files (x86)/arm gnu toolchain arm-none-eabi/11.3 rel1/bin/../lib/gcc/arm-none-eabi/11.3.1/thumb/v7e-m+fp/hard\libc_nano.a(libc_a-readr.o)
                              c:/data/program files (x86)/arm gnu toolchain arm-none-eabi/11.3 rel1/bin/../lib/gcc/arm-none-eabi/11.3.1/thumb/v7e-m+fp/hard\libc_nano.a(libc_a-stdio.o) (_read_r)
c:/data/program files (x86)/arm gnu toolchain arm-none-eabi/11.3 rel1/bin/../lib/gcc/arm-none-eabi/11.3.1/thumb/v7e-m+fp/hard\libc_nano.a(libc_a-writer.o)
                              c:/data/program files (x86)/arm gnu toolchain arm-none-eabi/11.3 rel1/bin/../lib/gcc/arm-none-eabi/11.3.1/thumb/v7e-m+fp/hard\libc_nano.a(libc_a-stdio.o) (_write_r)
c:/data/program files (x86)/arm gnu toolchain arm-none-eabi/11.3 rel1/bin/../lib/gcc/arm-none-eabi/11.3.1/thumb/v7e-m+fp/hard\libc_nano.a(libc_a-init.o)
                              c:/data/program files (x86)/arm gnu toolchain arm-none-eabi/11.3 rel1/bin/../lib/gcc/arm-none-eabi/11.3.1/thumb/v7e-m+fp/hard/crt0.o (__libc_init_array)
c:/data/program files (x86)/arm gnu toolchain arm-none-eabi/11.3 rel1/bin/../lib/gcc/arm-none-eabi/11.3.1/thumb/v7e-m+fp/hard\libc_nano.a(libc_a-lock.o)
                              c:/data/program files (x86)/arm gnu toolchain arm-none-eabi/11.3 rel1/bin/../lib/gcc/arm-none-eabi/11.3.1/thumb/v7e-m+fp/hard\libc_nano.a(libc_a-findfp.o) (__retarget_lock_init_recursive)
c:/data/program files (x86)/arm gnu toolchain arm-none-eabi/11.3 rel1/bin/../lib/gcc/arm-none-eabi/11.3.1/thumb/v7e-m+fp/hard\libc_nano.a(libc_a-strlen.o)
                              build/main.o (strlen)
[...]
Memory Configuration

Name             Origin             Length             Attributes
RAM              0x20000000         0x00018000         xrw
FLASH            0x08000000         0x00060000         xr
*default*        0x00000000         0xffffffff

Linker script and memory map

LOAD c:/data/program files (x86)/arm gnu toolchain arm-none-eabi/11.3 rel1/bin/../lib/gcc/arm-none-eabi/11.3.1/thumb/v7e-m+fp/hard/crti.o
LOAD c:/data/program files (x86)/arm gnu toolchain arm-none-eabi/11.3 rel1/bin/../lib/gcc/arm-none-eabi/11.3.1/thumb/v7e-m+fp/hard/crtbegin.o
LOAD c:/data/program files (x86)/arm gnu toolchain arm-none-eabi/11.3 rel1/bin/../lib/gcc/arm-none-eabi/11.3.1/thumb/v7e-m+fp/hard/crt0.o
LOAD build/main.o
LOAD build/ads1115.o
LOAD build/stm32f4xx_it.o
LOAD build/stm32f4xx_hal_msp.o
LOAD build/usb_device.o
LOAD build/usbd_desc.o
LOAD build/usbd_cdc_if.o
LOAD build/usbd_conf.o
LOAD build/stm32f4xx_hal_pcd.o
LOAD build/stm32f4xx_hal_pcd_ex.o
LOAD build/stm32f4xx_ll_usb.o
LOAD build/stm32f4xx_hal_rcc.o
LOAD build/stm32f4xx_hal_rcc_ex.o
LOAD build/stm32f4xx_hal_flash.o
LOAD build/stm32f4xx_hal_flash_ex.o
LOAD build/stm32f4xx_hal_flash_ramfunc.o
LOAD build/stm32f4xx_hal_gpio.o
LOAD build/stm32f4xx_hal_dma_ex.o
LOAD build/stm32f4xx_hal_dma.o
LOAD build/stm32f4xx_hal_pwr.o
LOAD build/stm32f4xx_hal_pwr_ex.o
LOAD build/stm32f4xx_hal_cortex.o
LOAD build/stm32f4xx_hal.o
LOAD build/stm32f4xx_hal_exti.o
LOAD build/stm32f4xx_hal_i2c.o
LOAD build/stm32f4xx_hal_i2c_ex.o
LOAD build/stm32f4xx_hal_tim.o
LOAD build/stm32f4xx_hal_tim_ex.o
LOAD build/system_stm32f4xx.o
LOAD build/usbd_core.o
LOAD build/usbd_ctlreq.o
LOAD build/usbd_ioreq.o
LOAD build/usbd_cdc.o
LOAD build/startup_stm32f401xe.o
LOAD c:/data/program files (x86)/arm gnu toolchain arm-none-eabi/11.3 rel1/bin/../lib/gcc/arm-none-eabi/11.3.1/thumb/v7e-m+fp/hard\libc_nano.a
LOAD c:/data/program files (x86)/arm gnu toolchain arm-none-eabi/11.3 rel1/bin/../lib/gcc/arm-none-eabi/11.3.1/thumb/v7e-m+fp/hard\libm.a
LOAD c:/data/program files (x86)/arm gnu toolchain arm-none-eabi/11.3 rel1/bin/../lib/gcc/arm-none-eabi/11.3.1/thumb/v7e-m+fp/hard\libnosys.a
START GROUP
LOAD c:/data/program files (x86)/arm gnu toolchain arm-none-eabi/11.3 rel1/bin/../lib/gcc/arm-none-eabi/11.3.1/thumb/v7e-m+fp/hard\libgcc.a
LOAD c:/data/program files (x86)/arm gnu toolchain arm-none-eabi/11.3 rel1/bin/../lib/gcc/arm-none-eabi/11.3.1/thumb/v7e-m+fp/hard\libc_nano.a
END GROUP
START GROUP
LOAD c:/data/program files (x86)/arm gnu toolchain arm-none-eabi/11.3 rel1/bin/../lib/gcc/arm-none-eabi/11.3.1/thumb/v7e-m+fp/hard\libgcc.a
LOAD c:/data/program files (x86)/arm gnu toolchain arm-none-eabi/11.3 rel1/bin/../lib/gcc/arm-none-eabi/11.3.1/thumb/v7e-m+fp/hard\libc_nano.a
END GROUP
LOAD c:/data/program files (x86)/arm gnu toolchain arm-none-eabi/11.3 rel1/bin/../lib/gcc/arm-none-eabi/11.3.1/thumb/v7e-m+fp/hard/crtend.o
LOAD c:/data/program files (x86)/arm gnu toolchain arm-none-eabi/11.3 rel1/bin/../lib/gcc/arm-none-eabi/11.3.1/thumb/v7e-m+fp/hard/crtn.o
                0x20018000                _estack = (ORIGIN (RAM) + LENGTH (RAM))
                0x00000800                _Min_Heap_Size = 0x800
                0x00000400                _Min_Stack_Size = 0x400

.isr_vector     0x08000000      0x194
                0x08000000                . = ALIGN (0x4)
 *(.isr_vector)
 .isr_vector    0x08000000      0x194 build/startup_stm32f401xe.o
                0x08000000                g_pfnVectors
                0x08000194                . = ALIGN (0x4)

.text           0x080001a0     0x5624
                0x080001a0                . = ALIGN (0x4)
 *(.text)
 .text          0x080001a0       0x10 c:/data/program files (x86)/arm gnu toolchain arm-none-eabi/11.3 rel1/bin/../lib/gcc/arm-none-eabi/11.3.1/thumb/v7e-m+fp/hard\libc_nano.a(libc_a-strlen.o)
                0x080001a0                strlen
 .text          0x080001b0       0xa0 c:/data/program files (x86)/arm gnu toolchain arm-none-eabi/11.3 rel1/bin/../lib/gcc/arm-none-eabi/11.3.1/thumb/v7e-m+fp/hard\libc_nano.a(libc_a-memchr.o)
                0x080001b0                memchr
 .text          0x08000250       0x30 c:/data/program files (x86)/arm gnu toolchain arm-none-eabi/11.3 rel1/bin/../lib/gcc/arm-none-eabi/11.3.1/thumb/v7e-m+fp/hard\libgcc.a(_aeabi_uldivmod.o)
                0x08000250                __aeabi_uldivmod
 .text          0x08000280        0x4 c:/data/program files (x86)/arm gnu toolchain arm-none-eabi/11.3 rel1/bin/../lib/gcc/arm-none-eabi/11.3.1/thumb/v7e-m+fp/hard\libgcc.a(_dvmd_tls.o)
                0x08000280                __aeabi_idiv0
                0x08000280                __aeabi_ldiv0
 *(.text*)
 .text.deregister_tm_clones
                0x08000284       0x1c c:/data/program files (x86)/arm gnu toolchain arm-none-eabi/11.3 rel1/bin/../lib/gcc/arm-none-eabi/11.3.1/thumb/v7e-m+fp/hard/crtbegin.o
 .text.register_tm_clones
                0x080002a0       0x24 c:/data/program files (x86)/arm gnu toolchain arm-none-eabi/11.3 rel1/bin/../lib/gcc/arm-none-eabi/11.3.1/thumb/v7e-m+fp/hard/crtbegin.o
 .text.__do_global_dtors_aux
                0x080002c4       0x28 c:/data/program files (x86)/arm gnu toolchain arm-none-eabi/11.3 rel1/bin/../lib/gcc/arm-none-eabi/11.3.1/thumb/v7e-m+fp/hard/crtbegin.o
 .text.frame_dummy
                0x080002ec       0x24 c:/data/program files (x86)/arm gnu toolchain arm-none-eabi/11.3 rel1/bin/../lib/gcc/arm-none-eabi/11.3.1/thumb/v7e-m+fp/hard/crtbegin.o
 .text.MX_GPIO_Init
                0x08000310       0x4c build/main.o
 .text.Error_Handler
                0x0800035c        0x4 build/main.o
                0x0800035c                Error_Handler
 .text.MX_I2C1_Init
                0x08000360       0x38 build/main.o
 .text.SystemClock_Config
                0x08000398       0xac build/main.o
                0x08000398                SystemClock_Config
 .text.main     0x08000444      0x10c build/main.o
                0x08000444                main
 .text.ADS1115_I2C_Send
                0x08000550       0x20 build/ads1115.o
                0x08000550                ADS1115_I2C_Send
 .text.ADS1115_I2C_Receive
                0x08000570       0x20 build/ads1115.o
                0x08000570                ADS1115_I2C_Receive
 .text.ADS1115_Reset
                0x08000590       0x1c build/ads1115.o
                0x08000590                ADS1115_Reset
 .text.ADS1115_Init
                0x080005ac       0xa8 build/ads1115.o
                0x080005ac                ADS1115_Init
 .text.ADS1115_Get_Last_Result
                0x08000654       0x40 build/ads1115.o
                0x08000654                ADS1115_Get_Last_Result
 .text.ADS1115_Get_Config
                0x08000694       0x40 build/ads1115.o
                0x08000694                ADS1115_Get_Config
 .text.ADS1115_Get_Single_Conversion
                0x080006d4       0x80 build/ads1115.o
                0x080006d4                ADS1115_Get_Single_Conversion
 .text.NMI_Handler
                0x08000754        0x2 build/stm32f4xx_it.o
                0x08000754                NMI_Handler
 .text.HardFault_Handler
                0x08000756        0x2 build/stm32f4xx_it.o
                0x08000756                HardFault_Handler
 .text.MemManage_Handler
                0x08000758        0x2 build/stm32f4xx_it.o
                0x08000758                MemManage_Handler
 .text.BusFault_Handler
                0x0800075a        0x2 build/stm32f4xx_it.o
                0x0800075a                BusFault_Handler
 .text.UsageFault_Handler
                0x0800075c        0x2 build/stm32f4xx_it.o
                0x0800075c                UsageFault_Handler
 .text.SVC_Handler
                0x0800075e        0x2 build/stm32f4xx_it.o
                0x0800075e                SVC_Handler
 .text.DebugMon_Handler
                0x08000760        0x2 build/stm32f4xx_it.o
                0x08000760                DebugMon_Handler
 .text.PendSV_Handler
                0x08000762        0x2 build/stm32f4xx_it.o
                0x08000762                PendSV_Handler
 .text.SysTick_Handler
                0x08000764        0x8 build/stm32f4xx_it.o
                0x08000764                SysTick_Handler
 .text.OTG_FS_IRQHandler
                0x0800076c       0x10 build/stm32f4xx_it.o
                0x0800076c                OTG_FS_IRQHandler
 .text.HAL_MspInit
                0x0800077c       0x38 build/stm32f4xx_hal_msp.o
                0x0800077c                HAL_MspInit
 .text.HAL_I2C_MspInit
                0x080007b4       0x74 build/stm32f4xx_hal_msp.o
                0x080007b4                HAL_I2C_MspInit
 .text.MX_USB_DEVICE_Init
                0x08000828       0x54 build/usb_device.o
                0x08000828                MX_USB_DEVICE_Init
 .text.USBD_FS_DeviceDescriptor
                0x0800087c        0xc build/usbd_desc.o
                0x0800087c                USBD_FS_DeviceDescriptor
 .text.USBD_FS_LangIDStrDescriptor
                0x08000888        0xc build/usbd_desc.o
                0x08000888                USBD_FS_LangIDStrDescriptor
 .text.IntToUnicode
                0x08000894       0x46 build/usbd_desc.o
 *fill*         0x080008da        0x2 
 .text.Get_SerialNum
                0x080008dc       0x38 build/usbd_desc.o
 .text.USBD_FS_SerialStrDescriptor
                0x08000914       0x14 build/usbd_desc.o
                0x08000914                USBD_FS_SerialStrDescriptor
 .text.USBD_FS_ProductStrDescriptor
                0x08000928       0x24 build/usbd_desc.o
                0x08000928                USBD_FS_ProductStrDescriptor
 .text.USBD_FS_ManufacturerStrDescriptor
                0x0800094c       0x1c build/usbd_desc.o
                0x0800094c                USBD_FS_ManufacturerStrDescriptor
 .text.USBD_FS_ConfigStrDescriptor
                0x08000968       0x24 build/usbd_desc.o
                0x08000968                USBD_FS_ConfigStrDescriptor
 .text.USBD_FS_InterfaceStrDescriptor
                0x0800098c       0x24 build/usbd_desc.o
                0x0800098c                USBD_FS_InterfaceStrDescriptor
 .text.CDC_DeInit_FS
                0x080009b0        0x4 build/usbd_cdc_if.o
 .text.CDC_Control_FS
                0x080009b4       0x50 build/usbd_cdc_if.o
 .text.CDC_TransmitCplt_FS
                0x08000a04        0x4 build/usbd_cdc_if.o
 .text.CDC_Receive_FS
                0x08000a08       0x1c build/usbd_cdc_if.o
 .text.CDC_Init_FS
                0x08000a24       0x28 build/usbd_cdc_if.o
 .text.CDC_Transmit_FS
                0x08000a4c       0x2c build/usbd_cdc_if.o
                0x08000a4c                CDC_Transmit_FS
 .text.HAL_PCD_MspInit
                0x08000a78       0x84 build/usbd_conf.o
                0x08000a78                HAL_PCD_MspInit
 .text.HAL_PCD_SetupStageCallback
                0x08000afc       0x10 build/usbd_conf.o
                0x08000afc                HAL_PCD_SetupStageCallback
 .text.HAL_PCD_DataOutStageCallback
                0x08000b0c       0x18 build/usbd_conf.o
                0x08000b0c                HAL_PCD_DataOutStageCallback
 .text.HAL_PCD_DataInStageCallback
                0x08000b24       0x16 build/usbd_conf.o
                0x08000b24                HAL_PCD_DataInStageCallback
 .text.HAL_PCD_SOFCallback
                0x08000b3a        0xc build/usbd_conf.o
                0x08000b3a                HAL_PCD_SOFCallback
 .text.HAL_PCD_ResetCallback
                0x08000b46       0x2c build/usbd_conf.o
                0x08000b46                HAL_PCD_ResetCallback
 *fill*         0x08000b72        0x2 
 .text.HAL_PCD_SuspendCallback
                0x08000b74       0x30 build/usbd_conf.o
                0x08000b74                HAL_PCD_SuspendCallback
 .text.HAL_PCD_ResumeCallback
                0x08000ba4        0xc build/usbd_conf.o
                0x08000ba4                HAL_PCD_ResumeCallback
 .text.HAL_PCD_ISOOUTIncompleteCallback
                0x08000bb0        0xc build/usbd_conf.o
                0x08000bb0                HAL_PCD_ISOOUTIncompleteCallback
 .text.HAL_PCD_ISOINIncompleteCallback
                0x08000bbc        0xc build/usbd_conf.o
                0x08000bbc                HAL_PCD_ISOINIncompleteCallback
 .text.HAL_PCD_ConnectCallback
                0x08000bc8        0xc build/usbd_conf.o
                0x08000bc8                HAL_PCD_ConnectCallback
 .text.HAL_PCD_DisconnectCallback
                0x08000bd4        0xc build/usbd_conf.o
                0x08000bd4                HAL_PCD_DisconnectCallback
 .text.USBD_LL_Init
                0x08000be0       0x68 build/usbd_conf.o
                0x08000be0                USBD_LL_Init
 .text.USBD_LL_IsStallEP
                0x08000c48       0x2e build/usbd_conf.o
                0x08000c48                USBD_LL_IsStallEP
 .text.USBD_LL_GetRxDataSize
                0x08000c76        0xc build/usbd_conf.o
                0x08000c76                USBD_LL_GetRxDataSize
 *fill*         0x08000c82        0x2 
 .text.USBD_static_malloc
                0x08000c84        0x8 build/usbd_conf.o
                0x08000c84                USBD_static_malloc
 .text.USBD_static_free
                0x08000c8c        0x2 build/usbd_conf.o
                0x08000c8c                USBD_static_free
 .text.USBD_Get_USB_Status
                0x08000c8e       0x14 build/usbd_conf.o
                0x08000c8e                USBD_Get_USB_Status
 .text.USBD_LL_Start
                0x08000ca2       0x10 build/usbd_conf.o
                0x08000ca2                USBD_LL_Start
 .text.USBD_LL_OpenEP
                0x08000cb2       0x16 build/usbd_conf.o
                0x08000cb2                USBD_LL_OpenEP
 .text.USBD_LL_CloseEP
                0x08000cc8       0x10 build/usbd_conf.o
                0x08000cc8                USBD_LL_CloseEP
 .text.USBD_LL_StallEP
                0x08000cd8       0x10 build/usbd_conf.o
                0x08000cd8                USBD_LL_StallEP
 .text.USBD_LL_ClearStallEP
                0x08000ce8       0x10 build/usbd_conf.o
                0x08000ce8                USBD_LL_ClearStallEP
 .text.USBD_LL_SetUSBAddress
                0x08000cf8       0x10 build/usbd_conf.o
                0x08000cf8                USBD_LL_SetUSBAddress
 .text.USBD_LL_Transmit
                0x08000d08       0x10 build/usbd_conf.o
                0x08000d08                USBD_LL_Transmit
 .text.USBD_LL_PrepareReceive
                0x08000d18       0x10 build/usbd_conf.o
                0x08000d18                USBD_LL_PrepareReceive
 .text.PCD_WriteEmptyTxFifo
                0x08000d28       0xd0 build/stm32f4xx_hal_pcd.o
 .text.HAL_PCD_Init
                0x08000df8      0x12e build/stm32f4xx_hal_pcd.o
                0x08000df8                HAL_PCD_Init
 .text.HAL_PCD_Start
                0x08000f26       0x42 build/stm32f4xx_hal_pcd.o
                0x08000f26                HAL_PCD_Start
 .text.PCD_EP_OutXfrComplete_int
                0x08000f68      0x104 build/stm32f4xx_hal_pcd.o
 .text.PCD_EP_OutSetupPacket_int
                0x0800106c       0x50 build/stm32f4xx_hal_pcd.o
 .text.HAL_PCD_SetAddress
                0x080010bc       0x28 build/stm32f4xx_hal_pcd.o
                0x080010bc                HAL_PCD_SetAddress
 .text.HAL_PCD_EP_Open
                0x080010e4       0x8a build/stm32f4xx_hal_pcd.o
                0x080010e4                HAL_PCD_EP_Open
 .text.HAL_PCD_EP_Close
                0x0800116e       0x72 build/stm32f4xx_hal_pcd.o
                0x0800116e                HAL_PCD_EP_Close
 .text.HAL_PCD_EP_Receive
                0x080011e0       0x5e build/stm32f4xx_hal_pcd.o
                0x080011e0                HAL_PCD_EP_Receive
 .text.HAL_PCD_EP_GetRxCount
                0x0800123e       0x12 build/stm32f4xx_hal_pcd.o
                0x0800123e                HAL_PCD_EP_GetRxCount
 .text.HAL_PCD_EP_Transmit
                0x08001250       0x5e build/stm32f4xx_hal_pcd.o
                0x08001250                HAL_PCD_EP_Transmit
 .text.HAL_PCD_EP_SetStall
                0x080012ae       0x88 build/stm32f4xx_hal_pcd.o
                0x080012ae                HAL_PCD_EP_SetStall
 .text.HAL_PCD_EP_ClrStall
                0x08001336       0x76 build/stm32f4xx_hal_pcd.o
                0x08001336                HAL_PCD_EP_ClrStall
 .text.HAL_PCD_EP_Abort
                0x080013ac       0x34 build/stm32f4xx_hal_pcd.o
                0x080013ac                HAL_PCD_EP_Abort
 .text.HAL_PCD_IRQHandler
                0x080013e0      0x5c4 build/stm32f4xx_hal_pcd.o
                0x080013e0                HAL_PCD_IRQHandler
 .text.HAL_PCDEx_SetTxFiFo
                0x080019a4       0x4c build/stm32f4xx_hal_pcd_ex.o
                0x080019a4                HAL_PCDEx_SetTxFiFo
 .text.HAL_PCDEx_SetRxFiFo
                0x080019f0        0x8 build/stm32f4xx_hal_pcd_ex.o
                0x080019f0                HAL_PCDEx_SetRxFiFo
 .text.HAL_PCDEx_LPM_Callback
                0x080019f8        0x2 build/stm32f4xx_hal_pcd_ex.o
                0x080019f8                HAL_PCDEx_LPM_Callback
 *fill*         0x080019fa        0x2 
 .text.USB_CoreReset
                0x080019fc       0x50 build/stm32f4xx_ll_usb.o
 .text.USB_CoreInit
                0x08001a4c       0x8a build/stm32f4xx_ll_usb.o
                0x08001a4c                USB_CoreInit
 *fill*         0x08001ad6        0x2 
 .text.USB_SetTurnaroundTime
                0x08001ad8       0xe4 build/stm32f4xx_ll_usb.o
                0x08001ad8                USB_SetTurnaroundTime
 .text.USB_EnableGlobalInt
                0x08001bbc        0xc build/stm32f4xx_ll_usb.o
                0x08001bbc                USB_EnableGlobalInt
 .text.USB_DisableGlobalInt
                0x08001bc8        0xc build/stm32f4xx_ll_usb.o
                0x08001bc8                USB_DisableGlobalInt
 .text.USB_FlushTxFifo
                0x08001bd4       0x50 build/stm32f4xx_ll_usb.o
                0x08001bd4                USB_FlushTxFifo
 .text.USB_FlushRxFifo
                0x08001c24       0x4c build/stm32f4xx_ll_usb.o
                0x08001c24                USB_FlushRxFifo
 .text.USB_SetDevSpeed
                0x08001c70        0xe build/stm32f4xx_ll_usb.o
                0x08001c70                USB_SetDevSpeed
 *fill*         0x08001c7e        0x2 
 .text.USB_DevInit
                0x08001c80      0x190 build/stm32f4xx_ll_usb.o
                0x08001c80                USB_DevInit
 .text.USB_GetDevSpeed
                0x08001e10       0x22 build/stm32f4xx_ll_usb.o
                0x08001e10                USB_GetDevSpeed
 .text.USB_ActivateEndpoint
                0x08001e32       0x9a build/stm32f4xx_ll_usb.o
                0x08001e32                USB_ActivateEndpoint
 .text.USB_DeactivateEndpoint
                0x08001ecc       0xe0 build/stm32f4xx_ll_usb.o
                0x08001ecc                USB_DeactivateEndpoint
 .text.USB_EP0StartXfer
                0x08001fac      0x124 build/stm32f4xx_ll_usb.o
                0x08001fac                USB_EP0StartXfer
 .text.USB_EPStopXfer
                0x080020d0       0xbe build/stm32f4xx_ll_usb.o
                0x080020d0                USB_EPStopXfer
 .text.USB_WritePacket
                0x0800218e       0x2e build/stm32f4xx_ll_usb.o
                0x0800218e                USB_WritePacket
 .text.USB_EPStartXfer
                0x080021bc      0x234 build/stm32f4xx_ll_usb.o
                0x080021bc                USB_EPStartXfer
 .text.USB_ReadPacket
                0x080023f0       0x46 build/stm32f4xx_ll_usb.o
                0x080023f0                USB_ReadPacket
 .text.USB_EPSetStall
                0x08002436       0x5a build/stm32f4xx_ll_usb.o
                0x08002436                USB_EPSetStall
 .text.USB_EPClearStall
                0x08002490       0x5c build/stm32f4xx_ll_usb.o
                0x08002490                USB_EPClearStall
 .text.USB_SetDevAddress
                0x080024ec       0x20 build/stm32f4xx_ll_usb.o
                0x080024ec                USB_SetDevAddress
 .text.USB_DevConnect
                0x0800250c       0x1c build/stm32f4xx_ll_usb.o
                0x0800250c                USB_DevConnect
 .text.USB_DevDisconnect
                0x08002528       0x1c build/stm32f4xx_ll_usb.o
                0x08002528                USB_DevDisconnect
 .text.USB_ReadInterrupts
                0x08002544        0x8 build/stm32f4xx_ll_usb.o
                0x08002544                USB_ReadInterrupts
 .text.USB_ReadDevAllOutEpInterrupt
                0x0800254c       0x10 build/stm32f4xx_ll_usb.o
                0x0800254c                USB_ReadDevAllOutEpInterrupt
 .text.USB_ReadDevAllInEpInterrupt
                0x0800255c       0x10 build/stm32f4xx_ll_usb.o
                0x0800255c                USB_ReadDevAllInEpInterrupt
 .text.USB_ReadDevOutEPInterrupt
                0x0800256c       0x12 build/stm32f4xx_ll_usb.o
                0x0800256c                USB_ReadDevOutEPInterrupt
 .text.USB_ReadDevInEPInterrupt
                0x0800257e       0x24 build/stm32f4xx_ll_usb.o
                0x0800257e                USB_ReadDevInEPInterrupt
 .text.USB_GetMode
                0x080025a2        0x8 build/stm32f4xx_ll_usb.o
                0x080025a2                USB_GetMode
 .text.USB_SetCurrentMode
                0x080025aa       0x62 build/stm32f4xx_ll_usb.o
                0x080025aa                USB_SetCurrentMode
 .text.USB_ActivateSetup
                0x0800260c       0x20 build/stm32f4xx_ll_usb.o
                0x0800260c                USB_ActivateSetup
 .text.USB_EP0_OutStart
                0x0800262c       0x60 build/stm32f4xx_ll_usb.o
                0x0800262c                USB_EP0_OutStart
 .text.HAL_RCC_OscConfig
                0x0800268c      0x3f8 build/stm32f4xx_hal_rcc.o
                0x0800268c                HAL_RCC_OscConfig
 .text.HAL_RCC_GetSysClockFreq
                0x08002a84       0xa8 build/stm32f4xx_hal_rcc.o
                0x08002a84                HAL_RCC_GetSysClockFreq
 .text.HAL_RCC_ClockConfig
                0x08002b2c      0x160 build/stm32f4xx_hal_rcc.o
                0x08002b2c                HAL_RCC_ClockConfig
 .text.HAL_RCC_GetHCLKFreq
                0x08002c8c        0xc build/stm32f4xx_hal_rcc.o
                0x08002c8c                HAL_RCC_GetHCLKFreq
 .text.HAL_RCC_GetPCLK1Freq
                0x08002c98       0x20 build/stm32f4xx_hal_rcc.o
                0x08002c98                HAL_RCC_GetPCLK1Freq
 .text.HAL_GPIO_Init
                0x08002cb8      0x1c8 build/stm32f4xx_hal_gpio.o
                0x08002cb8                HAL_GPIO_Init
 .text.HAL_NVIC_SetPriorityGrouping
                0x08002e80       0x24 build/stm32f4xx_hal_cortex.o
                0x08002e80                HAL_NVIC_SetPriorityGrouping
 .text.HAL_NVIC_SetPriority
                0x08002ea4       0x70 build/stm32f4xx_hal_cortex.o
                0x08002ea4                HAL_NVIC_SetPriority
 .text.HAL_NVIC_EnableIRQ
                0x08002f14       0x1c build/stm32f4xx_hal_cortex.o
                0x08002f14                HAL_NVIC_EnableIRQ
 .text.HAL_SYSTICK_Config
                0x08002f30       0x28 build/stm32f4xx_hal_cortex.o
                0x08002f30                HAL_SYSTICK_Config
 .text.HAL_InitTick
                0x08002f58       0x4c build/stm32f4xx_hal.o
                0x08002f58                HAL_InitTick
 .text.HAL_Init
                0x08002fa4       0x34 build/stm32f4xx_hal.o
                0x08002fa4                HAL_Init
 .text.HAL_IncTick
                0x08002fd8       0x18 build/stm32f4xx_hal.o
                0x08002fd8                HAL_IncTick
 .text.HAL_GetTick
                0x08002ff0        0xc build/stm32f4xx_hal.o
                0x08002ff0                HAL_GetTick
 .text.HAL_Delay
                0x08002ffc       0x28 build/stm32f4xx_hal.o
                0x08002ffc                HAL_Delay
 .text.I2C_IsAcknowledgeFailed
                0x08003024       0x32 build/stm32f4xx_hal_i2c.o
 .text.I2C_WaitOnFlagUntilTimeout
                0x08003056       0x7c build/stm32f4xx_hal_i2c.o
 .text.I2C_WaitOnMasterAddressFlagUntilTimeout
                0x080030d2       0xaa build/stm32f4xx_hal_i2c.o
 .text.I2C_MasterRequestWrite
                0x0800317c       0xb4 build/stm32f4xx_hal_i2c.o
 .text.I2C_MasterRequestRead
                0x08003230      0x120 build/stm32f4xx_hal_i2c.o
 .text.I2C_WaitOnTXEFlagUntilTimeout
                0x08003350       0x54 build/stm32f4xx_hal_i2c.o
 .text.I2C_WaitOnBTFFlagUntilTimeout
                0x080033a4       0x54 build/stm32f4xx_hal_i2c.o
 .text.I2C_WaitOnRXNEFlagUntilTimeout
                0x080033f8       0x6a build/stm32f4xx_hal_i2c.o
 *fill*         0x08003462        0x2 
 .text.HAL_I2C_Init
                0x08003464      0x1bc build/stm32f4xx_hal_i2c.o
                0x08003464                HAL_I2C_Init
 .text.HAL_I2C_Master_Transmit
                0x08003620      0x178 build/stm32f4xx_hal_i2c.o
                0x08003620                HAL_I2C_Master_Transmit
 .text.HAL_I2C_Master_Receive
                0x08003798      0x2e8 build/stm32f4xx_hal_i2c.o
                0x08003798                HAL_I2C_Master_Receive
 .text.SystemInit
                0x08003a80       0x14 build/system_stm32f4xx.o
                0x08003a80                SystemInit
 .text.USBD_Init
                0x08003a94       0x2e build/usbd_core.o
                0x08003a94                USBD_Init
 .text.USBD_RegisterClass
                0x08003ac2       0x34 build/usbd_core.o
                0x08003ac2                USBD_RegisterClass
 .text.USBD_Start
                0x08003af6        0x8 build/usbd_core.o
                0x08003af6                USBD_Start
 .text.USBD_SetClassConfig
                0x08003afe       0x12 build/usbd_core.o
                0x08003afe                USBD_SetClassConfig
 .text.USBD_ClrClassConfig
                0x08003b10       0x12 build/usbd_core.o
                0x08003b10                USBD_ClrClassConfig
 .text.USBD_LL_SetupStage
                0x08003b22       0x58 build/usbd_core.o
                0x08003b22                USBD_LL_SetupStage
 .text.USBD_LL_Reset
                0x08003b7a       0x64 build/usbd_core.o
                0x08003b7a                USBD_LL_Reset
 .text.USBD_LL_SetSpeed
                0x08003bde        0x6 build/usbd_core.o
                0x08003bde                USBD_LL_SetSpeed
 .text.USBD_LL_Suspend
                0x08003be4       0x14 build/usbd_core.o
                0x08003be4                USBD_LL_Suspend
 .text.USBD_LL_Resume
                0x08003bf8       0x1a build/usbd_core.o
                0x08003bf8                USBD_LL_Resume
 .text.USBD_LL_SOF
                0x08003c12       0x22 build/usbd_core.o
                0x08003c12                USBD_LL_SOF
 .text.USBD_LL_IsoINIncomplete
                0x08003c34       0x2e build/usbd_core.o
                0x08003c34                USBD_LL_IsoINIncomplete
 .text.USBD_LL_IsoOUTIncomplete
                0x08003c62       0x2e build/usbd_core.o
                0x08003c62                USBD_LL_IsoOUTIncomplete
 .text.USBD_LL_DevConnected
                0x08003c90        0x4 build/usbd_core.o
                0x08003c90                USBD_LL_DevConnected
 .text.USBD_LL_DevDisconnected
                0x08003c94       0x20 build/usbd_core.o
                0x08003c94                USBD_LL_DevDisconnected
 .text.USBD_CoreFindIF
                0x08003cb4        0x4 build/usbd_core.o
                0x08003cb4                USBD_CoreFindIF
 .text.USBD_CoreFindEP
                0x08003cb8        0x4 build/usbd_core.o
                0x08003cb8                USBD_CoreFindEP
 .text.USBD_LL_DataOutStage
                0x08003cbc       0xc6 build/usbd_core.o
                0x08003cbc                USBD_LL_DataOutStage
 .text.USBD_LL_DataInStage
                0x08003d82       0xd6 build/usbd_core.o
                0x08003d82                USBD_LL_DataInStage
 .text.USBD_GetNextDesc
                0x08003e58        0xe build/usbd_core.o
                0x08003e58                USBD_GetNextDesc
 .text.USBD_GetEpDesc
                0x08003e66       0x3e build/usbd_core.o
                0x08003e66                USBD_GetEpDesc
 .text.USBD_GetLen
                0x08003ea4       0x14 build/usbd_ctlreq.o
 .text.USBD_ParseSetupRequest
                0x08003eb8       0x28 build/usbd_ctlreq.o
                0x08003eb8                USBD_ParseSetupRequest
 .text.USBD_CtlError
                0x08003ee0       0x14 build/usbd_ctlreq.o
                0x08003ee0                USBD_CtlError
 .text.USBD_GetDescriptor
                0x08003ef4      0x18a build/usbd_ctlreq.o
 .text.USBD_SetAddress
                0x0800407e       0x50 build/usbd_ctlreq.o
 *fill*         0x080040ce        0x2 
 .text.USBD_SetConfig
                0x080040d0       0xcc build/usbd_ctlreq.o
 .text.USBD_GetConfig
                0x0800419c       0x40 build/usbd_ctlreq.o
 .text.USBD_GetStatus
                0x080041dc       0x38 build/usbd_ctlreq.o
 .text.USBD_SetFeature
                0x08004214       0x2a build/usbd_ctlreq.o
 .text.USBD_ClrFeature
                0x0800423e       0x26 build/usbd_ctlreq.o
 .text.USBD_StdDevReq
                0x08004264       0x76 build/usbd_ctlreq.o
                0x08004264                USBD_StdDevReq
 .text.USBD_StdItfReq
                0x080042da       0x84 build/usbd_ctlreq.o
                0x080042da                USBD_StdItfReq
 .text.USBD_StdEPReq
                0x0800435e      0x230 build/usbd_ctlreq.o
                0x0800435e                USBD_StdEPReq
 .text.USBD_GetString
                0x0800458e       0x3a build/usbd_ctlreq.o
                0x0800458e                USBD_GetString
 .text.USBD_CtlSendData
                0x080045c8       0x1a build/usbd_ioreq.o
                0x080045c8                USBD_CtlSendData
 .text.USBD_CtlContinueSendData
                0x080045e2       0x10 build/usbd_ioreq.o
                0x080045e2                USBD_CtlContinueSendData
 .text.USBD_CtlPrepareRx
                0x080045f2       0x1e build/usbd_ioreq.o
                0x080045f2                USBD_CtlPrepareRx
 .text.USBD_CtlContinueRx
                0x08004610       0x10 build/usbd_ioreq.o
                0x08004610                USBD_CtlContinueRx
 .text.USBD_CtlSendStatus
                0x08004620       0x16 build/usbd_ioreq.o
                0x08004620                USBD_CtlSendStatus
 .text.USBD_CtlReceiveStatus
                0x08004636       0x16 build/usbd_ioreq.o
                0x08004636                USBD_CtlReceiveStatus
 .text.USBD_CDC_EP0_RxReady
                0x0800464c       0x40 build/usbd_cdc.o
 .text.USBD_CDC_GetDeviceQualifierDescriptor
                0x0800468c        0xc build/usbd_cdc.o
                0x0800468c                USBD_CDC_GetDeviceQualifierDescriptor
 .text.USBD_CDC_GetOtherSpeedCfgDesc
                0x08004698       0x48 build/usbd_cdc.o
 .text.USBD_CDC_GetFSCfgDesc
                0x080046e0       0x48 build/usbd_cdc.o
 .text.USBD_CDC_GetHSCfgDesc
                0x08004728       0x48 build/usbd_cdc.o
 .text.USBD_CDC_DataOut
                0x08004770       0x38 build/usbd_cdc.o
 .text.USBD_CDC_DataIn
                0x080047a8       0x7c build/usbd_cdc.o
 .text.USBD_CDC_Setup
                0x08004824      0x11a build/usbd_cdc.o
 .text.USBD_CDC_DeInit
                0x0800493e       0x64 build/usbd_cdc.o
 .text.USBD_CDC_Init
                0x080049a2       0xee build/usbd_cdc.o
 .text.USBD_CDC_RegisterInterface
                0x08004a90       0x16 build/usbd_cdc.o
                0x08004a90                USBD_CDC_RegisterInterface
 .text.USBD_CDC_SetTxBuffer
                0x08004aa6       0x1c build/usbd_cdc.o
                0x08004aa6                USBD_CDC_SetTxBuffer
 .text.USBD_CDC_SetRxBuffer
                0x08004ac2       0x18 build/usbd_cdc.o
                0x08004ac2                USBD_CDC_SetRxBuffer
 .text.USBD_CDC_TransmitPacket
                0x08004ada       0x3a build/usbd_cdc.o
                0x08004ada                USBD_CDC_TransmitPacket
 .text.USBD_CDC_ReceivePacket
                0x08004b14       0x38 build/usbd_cdc.o
                0x08004b14                USBD_CDC_ReceivePacket
 .text.Reset_Handler
                0x08004b4c       0x50 build/startup_stm32f401xe.o
                0x08004b4c                Reset_Handler
 .text.Default_Handler
                0x08004b9c        0x2 build/startup_stm32f401xe.o
                0x08004b9c                RTC_Alarm_IRQHandler
                0x08004b9c                EXTI2_IRQHandler
                0x08004b9c                SPI4_IRQHandler
                0x08004b9c                TIM1_CC_IRQHandler
                0x08004b9c                DMA2_Stream5_IRQHandler
                0x08004b9c                DMA1_Stream5_IRQHandler
                0x08004b9c                PVD_IRQHandler
                0x08004b9c                SDIO_IRQHandler
                0x08004b9c                TAMP_STAMP_IRQHandler
                0x08004b9c                EXTI3_IRQHandler
                0x08004b9c                TIM1_UP_TIM10_IRQHandler
                0x08004b9c                I2C3_ER_IRQHandler
                0x08004b9c                EXTI0_IRQHandler
                0x08004b9c                I2C2_EV_IRQHandler
                0x08004b9c                DMA1_Stream2_IRQHandler
                0x08004b9c                FPU_IRQHandler
                0x08004b9c                DMA2_Stream2_IRQHandler
                0x08004b9c                SPI1_IRQHandler
                0x08004b9c                TIM1_BRK_TIM9_IRQHandler
                0x08004b9c                DMA2_Stream3_IRQHandler
                0x08004b9c                USART6_IRQHandler
                0x08004b9c                DMA2_Stream0_IRQHandler
                0x08004b9c                TIM4_IRQHandler
                0x08004b9c                I2C1_EV_IRQHandler
                0x08004b9c                DMA1_Stream6_IRQHandler
                0x08004b9c                DMA1_Stream1_IRQHandler
                0x08004b9c                TIM3_IRQHandler
                0x08004b9c                RCC_IRQHandler
                0x08004b9c                Default_Handler
                0x08004b9c                EXTI15_10_IRQHandler
                0x08004b9c                ADC_IRQHandler
                0x08004b9c                DMA1_Stream7_IRQHandler
                0x08004b9c                TIM5_IRQHandler
                0x08004b9c                DMA2_Stream7_IRQHandler
                0x08004b9c                I2C3_EV_IRQHandler
                0x08004b9c                EXTI9_5_IRQHandler
                0x08004b9c                RTC_WKUP_IRQHandler
                0x08004b9c                SPI2_IRQHandler
                0x08004b9c                DMA1_Stream0_IRQHandler
                0x08004b9c                EXTI4_IRQHandler
                0x08004b9c                WWDG_IRQHandler
                0x08004b9c                TIM2_IRQHandler
                0x08004b9c                OTG_FS_WKUP_IRQHandler
                0x08004b9c                TIM1_TRG_COM_TIM11_IRQHandler
                0x08004b9c                EXTI1_IRQHandler
                0x08004b9c                USART2_IRQHandler
                0x08004b9c                I2C2_ER_IRQHandler
                0x08004b9c                DMA2_Stream1_IRQHandler
                0x08004b9c                FLASH_IRQHandler
                0x08004b9c                DMA2_Stream4_IRQHandler
                0x08004b9c                USART1_IRQHandler
                0x08004b9c                SPI3_IRQHandler
                0x08004b9c                DMA1_Stream4_IRQHandler
                0x08004b9c                I2C1_ER_IRQHandler
                0x08004b9c                DMA2_Stream6_IRQHandler
                0x08004b9c                DMA1_Stream3_IRQHandler
 *fill*         0x08004b9e        0x2 
 .text.sprintf  0x08004ba0       0x40 c:/data/program files (x86)/arm gnu toolchain arm-none-eabi/11.3 rel1/bin/../lib/gcc/arm-none-eabi/11.3.1/thumb/v7e-m+fp/hard\libc_nano.a(libc_a-sprintf.o)
                0x08004ba0                siprintf
                0x08004ba0                sprintf
 .text.memset   0x08004be0       0x10 c:/data/program files (x86)/arm gnu toolchain arm-none-eabi/11.3 rel1/bin/../lib/gcc/arm-none-eabi/11.3.1/thumb/v7e-m+fp/hard\libc_nano.a(libc_a-memset.o)
                0x08004be0                memset
 .text.__libc_init_array
                0x08004bf0       0x48 c:/data/program files (x86)/arm gnu toolchain arm-none-eabi/11.3 rel1/bin/../lib/gcc/arm-none-eabi/11.3.1/thumb/v7e-m+fp/hard\libc_nano.a(libc_a-init.o)
                0x08004bf0                __libc_init_array
 .text.__retarget_lock_acquire_recursive
                0x08004c38        0x2 c:/data/program files (x86)/arm gnu toolchain arm-none-eabi/11.3 rel1/bin/../lib/gcc/arm-none-eabi/11.3.1/thumb/v7e-m+fp/hard\libc_nano.a(libc_a-lock.o)
                0x08004c38                __retarget_lock_acquire_recursive
 .text.__retarget_lock_release_recursive
                0x08004c3a        0x2 c:/data/program files (x86)/arm gnu toolchain arm-none-eabi/11.3 rel1/bin/../lib/gcc/arm-none-eabi/11.3.1/thumb/v7e-m+fp/hard\libc_nano.a(libc_a-lock.o)
                0x08004c3a                __retarget_lock_release_recursive
 .text._free_r  0x08004c3c       0x98 c:/data/program files (x86)/arm gnu toolchain arm-none-eabi/11.3 rel1/bin/../lib/gcc/arm-none-eabi/11.3.1/thumb/v7e-m+fp/hard\libc_nano.a(libc_a-freer.o)
                0x08004c3c                _free_r
 .text.sbrk_aligned
                0x08004cd4       0x40 c:/data/program files (x86)/arm gnu toolchain arm-none-eabi/11.3 rel1/bin/../lib/gcc/arm-none-eabi/11.3.1/thumb/v7e-m+fp/hard\libc_nano.a(libc_a-mallocr.o)
 .text._malloc_r
                0x08004d14       0xec c:/data/program files (x86)/arm gnu toolchain arm-none-eabi/11.3 rel1/bin/../lib/gcc/arm-none-eabi/11.3.1/thumb/v7e-m+fp/hard\libc_nano.a(libc_a-mallocr.o)
                0x08004d14                _malloc_r
 .text.__malloc_lock
                0x08004e00        0xc c:/data/program files (x86)/arm gnu toolchain arm-none-eabi/11.3 rel1/bin/../lib/gcc/arm-none-eabi/11.3.1/thumb/v7e-m+fp/hard\libc_nano.a(libc_a-mlock.o)
                0x08004e00                __malloc_lock
 .text.__malloc_unlock
                0x08004e0c        0xc c:/data/program files (x86)/arm gnu toolchain arm-none-eabi/11.3 rel1/bin/../lib/gcc/arm-none-eabi/11.3.1/thumb/v7e-m+fp/hard\libc_nano.a(libc_a-mlock.o)
                0x08004e0c                __malloc_unlock
 .text.__ssputs_r
                0x08004e18       0xb4 c:/data/program files (x86)/arm gnu toolchain arm-none-eabi/11.3 rel1/bin/../lib/gcc/arm-none-eabi/11.3.1/thumb/v7e-m+fp/hard\libc_nano.a(libc_a-nano-svfprintf.o)
                0x08004e18                __ssputs_r
 .text._svfprintf_r
                0x08004ecc      0x1fc c:/data/program files (x86)/arm gnu toolchain arm-none-eabi/11.3 rel1/bin/../lib/gcc/arm-none-eabi/11.3.1/thumb/v7e-m+fp/hard\libc_nano.a(libc_a-nano-svfprintf.o)
                0x08004ecc                _svfiprintf_r
                0x08004ecc                _svfprintf_r
 .text._printf_common
                0x080050c8       0xda c:/data/program files (x86)/arm gnu toolchain arm-none-eabi/11.3 rel1/bin/../lib/gcc/arm-none-eabi/11.3.1/thumb/v7e-m+fp/hard\libc_nano.a(libc_a-nano-vfprintf_i.o)
                0x080050c8                _printf_common
 *fill*         0x080051a2        0x2 
 .text._printf_i
                0x080051a4      0x244 c:/data/program files (x86)/arm gnu toolchain arm-none-eabi/11.3 rel1/bin/../lib/gcc/arm-none-eabi/11.3.1/thumb/v7e-m+fp/hard\libc_nano.a(libc_a-nano-vfprintf_i.o)
                0x080051a4                _printf_i
 .text.memmove  0x080053e8       0x34 c:/data/program files (x86)/arm gnu toolchain arm-none-eabi/11.3 rel1/bin/../lib/gcc/arm-none-eabi/11.3.1/thumb/v7e-m+fp/hard\libc_nano.a(libc_a-memmove.o)
                0x080053e8                memmove
 .text._sbrk_r  0x0800541c       0x20 c:/data/program files (x86)/arm gnu toolchain arm-none-eabi/11.3 rel1/bin/../lib/gcc/arm-none-eabi/11.3.1/thumb/v7e-m+fp/hard\libc_nano.a(libc_a-sbrkr.o)
                0x0800541c                _sbrk_r
 .text.memcpy   0x0800543c       0x1c c:/data/program files (x86)/arm gnu toolchain arm-none-eabi/11.3 rel1/bin/../lib/gcc/arm-none-eabi/11.3.1/thumb/v7e-m+fp/hard\libc_nano.a(libc_a-memcpy-stub.o)
                0x0800543c                memcpy
 .text._realloc_r
                0x08005458       0x5e c:/data/program files (x86)/arm gnu toolchain arm-none-eabi/11.3 rel1/bin/../lib/gcc/arm-none-eabi/11.3.1/thumb/v7e-m+fp/hard\libc_nano.a(libc_a-reallocr.o)
                0x08005458                _realloc_r
 .text._malloc_usable_size_r
                0x080054b6       0x10 c:/data/program files (x86)/arm gnu toolchain arm-none-eabi/11.3 rel1/bin/../lib/gcc/arm-none-eabi/11.3.1/thumb/v7e-m+fp/hard\libc_nano.a(libc_a-msizer.o)
                0x080054b6                _malloc_usable_size_r
 *fill*         0x080054c6        0x2 
 .text._sbrk    0x080054c8       0x1c c:/data/program files (x86)/arm gnu toolchain arm-none-eabi/11.3 rel1/bin/../lib/gcc/arm-none-eabi/11.3.1/thumb/v7e-m+fp/hard\libnosys.a(sbrk.o)
                0x080054c8                _sbrk
 .text.__udivmoddi4
                0x080054e4      0x2c8 c:/data/program files (x86)/arm gnu toolchain arm-none-eabi/11.3 rel1/bin/../lib/gcc/arm-none-eabi/11.3.1/thumb/v7e-m+fp/hard\libgcc.a(_udivmoddi4.o)
                0x080054e4                __udivmoddi4
 *(.glue_7)
 .glue_7        0x080057ac        0x0 linker stubs
 *(.glue_7t)
 .glue_7t       0x080057ac        0x0 linker stubs
 *(.eh_frame)
 .eh_frame      0x080057ac        0x0 c:/data/program files (x86)/arm gnu toolchain arm-none-eabi/11.3 rel1/bin/../lib/gcc/arm-none-eabi/11.3.1/thumb/v7e-m+fp/hard/crtbegin.o
 *(.init)
 .init          0x080057ac        0x4 c:/data/program files (x86)/arm gnu toolchain arm-none-eabi/11.3 rel1/bin/../lib/gcc/arm-none-eabi/11.3.1/thumb/v7e-m+fp/hard/crti.o
                0x080057ac                _init
 .init          0x080057b0        0x8 c:/data/program files (x86)/arm gnu toolchain arm-none-eabi/11.3 rel1/bin/../lib/gcc/arm-none-eabi/11.3.1/thumb/v7e-m+fp/hard/crtn.o
 *(.fini)
 .fini          0x080057b8        0x4 c:/data/program files (x86)/arm gnu toolchain arm-none-eabi/11.3 rel1/bin/../lib/gcc/arm-none-eabi/11.3.1/thumb/v7e-m+fp/hard/crti.o
                0x080057b8                _fini
 .fini          0x080057bc        0x8 c:/data/program files (x86)/arm gnu toolchain arm-none-eabi/11.3 rel1/bin/../lib/gcc/arm-none-eabi/11.3.1/thumb/v7e-m+fp/hard/crtn.o
                0x080057c4                . = ALIGN (0x4)
                0x080057c4                _etext = .

.vfp11_veneer   0x080057c4        0x0
 .vfp11_veneer  0x080057c4        0x0 linker stubs

.v4_bx          0x080057c4        0x0
 .v4_bx         0x080057c4        0x0 linker stubs

.iplt           0x080057c4        0x0
 .iplt          0x080057c4        0x0 c:/data/program files (x86)/arm gnu toolchain arm-none-eabi/11.3 rel1/bin/../lib/gcc/arm-none-eabi/11.3.1/thumb/v7e-m+fp/hard/crtbegin.o

.rodata         0x080057c4       0xa8
                0x080057c4                . = ALIGN (0x4)
 *(.rodata)
 .rodata        0x080057c4        0x3 build/ads1115.o
 *(.rodata*)
 *fill*         0x080057c7        0x1 
 .rodata.main.str1.4
                0x080057c8        0xd build/main.o
 *fill*         0x080057d5        0x3 
 .rodata.USBD_FS_ProductStrDescriptor.str1.4
                0x080057d8       0x16 build/usbd_desc.o
 *fill*         0x080057ee        0x2 
 .rodata.USBD_FS_ManufacturerStrDescriptor.str1.4
                0x080057f0       0x13 build/usbd_desc.o
 *fill*         0x08005803        0x1 
 .rodata.USBD_FS_ConfigStrDescriptor.str1.4
                0x08005804        0xb build/usbd_desc.o
 *fill*         0x0800580f        0x1 
 .rodata.USBD_FS_InterfaceStrDescriptor.str1.4
                0x08005810        0xe build/usbd_desc.o
 *fill*         0x0800581e        0x2 
 .rodata.AHBPrescTable
                0x08005820       0x10 build/system_stm32f4xx.o
                0x08005820                AHBPrescTable
 .rodata.APBPrescTable
                0x08005830        0x8 build/system_stm32f4xx.o
                0x08005830                APBPrescTable
 .rodata._svfprintf_r.str1.1
                0x08005838       0x11 c:/data/program files (x86)/arm gnu toolchain arm-none-eabi/11.3 rel1/bin/../lib/gcc/arm-none-eabi/11.3.1/thumb/v7e-m+fp/hard\libc_nano.a(libc_a-nano-svfprintf.o)
 .rodata._printf_i.str1.1
                0x08005849       0x22 c:/data/program files (x86)/arm gnu toolchain arm-none-eabi/11.3 rel1/bin/../lib/gcc/arm-none-eabi/11.3.1/thumb/v7e-m+fp/hard\libc_nano.a(libc_a-nano-vfprintf_i.o)
                0x0800586c                . = ALIGN (0x4)
 *fill*         0x0800586b        0x1 

.ARM.extab
 *(.ARM.extab* .gnu.linkonce.armextab.*)

.ARM            0x0800586c        0x8
                0x0800586c                __exidx_start = .
 *(.ARM.exidx*)
 .ARM.exidx.text.__udivmoddi4
                0x0800586c        0x8 c:/data/program files (x86)/arm gnu toolchain arm-none-eabi/11.3 rel1/bin/../lib/gcc/arm-none-eabi/11.3.1/thumb/v7e-m+fp/hard\libgcc.a(_udivmoddi4.o)
                0x08005874                __exidx_end = .

.rel.dyn        0x08005874        0x0
 .rel.iplt      0x08005874        0x0 c:/data/program files (x86)/arm gnu toolchain arm-none-eabi/11.3 rel1/bin/../lib/gcc/arm-none-eabi/11.3.1/thumb/v7e-m+fp/hard/crtbegin.o

.preinit_array  0x08005874        0x0
                0x08005874                PROVIDE (__preinit_array_start = .)
 *(.preinit_array*)
                0x08005874                PROVIDE (__preinit_array_end = .)

.init_array     0x08005874        0x4
                0x08005874                PROVIDE (__init_array_start = .)
 *(SORT_BY_NAME(.init_array.*))
 *(.init_array*)
 .init_array    0x08005874        0x4 c:/data/program files (x86)/arm gnu toolchain arm-none-eabi/11.3 rel1/bin/../lib/gcc/arm-none-eabi/11.3.1/thumb/v7e-m+fp/hard/crtbegin.o
                0x08005878                PROVIDE (__init_array_end = .)

.fini_array     0x08005878        0x4
                [!provide]                PROVIDE (__fini_array_start = .)
 *(SORT_BY_NAME(.fini_array.*))
 *(.fini_array*)
 .fini_array    0x08005878        0x4 c:/data/program files (x86)/arm gnu toolchain arm-none-eabi/11.3 rel1/bin/../lib/gcc/arm-none-eabi/11.3.1/thumb/v7e-m+fp/hard/crtbegin.o
                [!provide]                PROVIDE (__fini_array_end = .)
                0x0800587c                _sidata = LOADADDR (.data)

.data           0x20000000      0x148 load address 0x0800587c
                0x20000000                . = ALIGN (0x4)
                0x20000000                _sdata = .
 *(.data)
 *(.data*)
 .data.FS_Desc  0x20000000       0x1c build/usbd_desc.o
                0x20000000                FS_Desc
 .data.USBD_FS_DeviceDesc
                0x2000001c       0x12 build/usbd_desc.o
                0x2000001c                USBD_FS_DeviceDesc
 *fill*         0x2000002e        0x2 
 .data.USBD_LangIDDesc
                0x20000030        0x4 build/usbd_desc.o
                0x20000030                USBD_LangIDDesc
 .data.USBD_StringSerial
                0x20000034       0x1a build/usbd_desc.o
                0x20000034                USBD_StringSerial
 *fill*         0x2000004e        0x2 
 .data.USBD_Interface_fops_FS
                0x20000050       0x14 build/usbd_cdc_if.o
                0x20000050                USBD_Interface_fops_FS
 .data.uwTickFreq
                0x20000064        0x1 build/stm32f4xx_hal.o
                0x20000064                uwTickFreq
 *fill*         0x20000065        0x3 
 .data.uwTickPrio
                0x20000068        0x4 build/stm32f4xx_hal.o
                0x20000068                uwTickPrio
 .data.SystemCoreClock
                0x2000006c        0x4 build/system_stm32f4xx.o
                0x2000006c                SystemCoreClock
 .data.USBD_CDC
                0x20000070       0x38 build/usbd_cdc.o
                0x20000070                USBD_CDC
 .data.USBD_CDC_CfgDesc
                0x200000a8       0x43 build/usbd_cdc.o
 *fill*         0x200000eb        0x1 
 .data.USBD_CDC_DeviceQualifierDesc
                0x200000ec        0xa build/usbd_cdc.o
 *fill*         0x200000f6        0x2 
 .data._impure_data
                0x200000f8       0x4c c:/data/program files (x86)/arm gnu toolchain arm-none-eabi/11.3 rel1/bin/../lib/gcc/arm-none-eabi/11.3.1/thumb/v7e-m+fp/hard\libc_nano.a(libc_a-impure.o)
                0x200000f8                _impure_data
 .data._impure_ptr
                0x20000144        0x4 c:/data/program files (x86)/arm gnu toolchain arm-none-eabi/11.3 rel1/bin/../lib/gcc/arm-none-eabi/11.3.1/thumb/v7e-m+fp/hard\libc_nano.a(libc_a-impure.o)
                0x20000144                _impure_ptr
                0x20000148                . = ALIGN (0x4)
                0x20000148                _edata = .

.tm_clone_table
                0x20000148        0x0 load address 0x080059c4
 .tm_clone_table
                0x20000148        0x0 c:/data/program files (x86)/arm gnu toolchain arm-none-eabi/11.3 rel1/bin/../lib/gcc/arm-none-eabi/11.3.1/thumb/v7e-m+fp/hard/crtbegin.o
 .tm_clone_table
                0x20000148        0x0 c:/data/program files (x86)/arm gnu toolchain arm-none-eabi/11.3 rel1/bin/../lib/gcc/arm-none-eabi/11.3.1/thumb/v7e-m+fp/hard/crtend.o

.igot.plt       0x20000148        0x0 load address 0x080059c4
 .igot.plt      0x20000148        0x0 c:/data/program files (x86)/arm gnu toolchain arm-none-eabi/11.3 rel1/bin/../lib/gcc/arm-none-eabi/11.3.1/thumb/v7e-m+fp/hard/crtbegin.o
                0x20000148                . = ALIGN (0x4)

.bss            0x20000148     0x1de4 load address 0x080059c4
                0x20000148                _sbss = .
                0x20000148                __bss_start__ = _sbss
 *(.bss)
 *(.bss*)
 .bss.completed.1
                0x20000148        0x1 c:/data/program files (x86)/arm gnu toolchain arm-none-eabi/11.3 rel1/bin/../lib/gcc/arm-none-eabi/11.3.1/thumb/v7e-m+fp/hard/crtbegin.o
 *fill*         0x20000149        0x3 
 .bss.object.0  0x2000014c       0x18 c:/data/program files (x86)/arm gnu toolchain arm-none-eabi/11.3 rel1/bin/../lib/gcc/arm-none-eabi/11.3.1/thumb/v7e-m+fp/hard/crtbegin.o
 .bss.adc1      0x20000164        0xe build/main.o
                0x20000164                adc1
 *fill*         0x20000172        0x2 
 .bss.hi2c1     0x20000174       0x54 build/main.o
                0x20000174                hi2c1
 .bss.hUsbDeviceFS
                0x200001c8      0x2dc build/usb_device.o
                0x200001c8                hUsbDeviceFS
 .bss.USBD_StrDesc
                0x200004a4      0x200 build/usbd_desc.o
                0x200004a4                USBD_StrDesc
 .bss.UserRxBufferFS
                0x200006a4      0x800 build/usbd_cdc_if.o
                0x200006a4                UserRxBufferFS
 .bss.UserTxBufferFS
                0x20000ea4      0x800 build/usbd_cdc_if.o
                0x20000ea4                UserTxBufferFS
 .bss.buffer    0x200016a4        0x7 build/usbd_cdc_if.o
                0x200016a4                buffer
 *fill*         0x200016ab        0x1 
 .bss.hpcd_USB_OTG_FS
                0x200016ac      0x50c build/usbd_conf.o
                0x200016ac                hpcd_USB_OTG_FS
 .bss.mem.0     0x20001bb8      0x220 build/usbd_conf.o
 .bss.uwTick    0x20001dd8        0x4 build/stm32f4xx_hal.o
                0x20001dd8                uwTick
 .bss.cfgidx.0  0x20001ddc        0x1 build/usbd_ctlreq.o
 *fill*         0x20001ddd        0x3 
 .bss.__sf      0x20001de0      0x138 c:/data/program files (x86)/arm gnu toolchain arm-none-eabi/11.3 rel1/bin/../lib/gcc/arm-none-eabi/11.3.1/thumb/v7e-m+fp/hard\libc_nano.a(libc_a-findfp.o)
                0x20001de0                __sf
 .bss.errno     0x20001f18        0x4 c:/data/program files (x86)/arm gnu toolchain arm-none-eabi/11.3 rel1/bin/../lib/gcc/arm-none-eabi/11.3.1/thumb/v7e-m+fp/hard\libc_nano.a(libc_a-reent.o)
                0x20001f18                errno
 .bss.__lock___malloc_recursive_mutex
                0x20001f1c        0x1 c:/data/program files (x86)/arm gnu toolchain arm-none-eabi/11.3 rel1/bin/../lib/gcc/arm-none-eabi/11.3.1/thumb/v7e-m+fp/hard\libc_nano.a(libc_a-lock.o)
                0x20001f1c                __lock___malloc_recursive_mutex
 *fill*         0x20001f1d        0x3 
 .bss.__malloc_free_list
                0x20001f20        0x4 c:/data/program files (x86)/arm gnu toolchain arm-none-eabi/11.3 rel1/bin/../lib/gcc/arm-none-eabi/11.3.1/thumb/v7e-m+fp/hard\libc_nano.a(libc_a-mallocr.o)
                0x20001f20                __malloc_free_list
 .bss.__malloc_sbrk_start
                0x20001f24        0x4 c:/data/program files (x86)/arm gnu toolchain arm-none-eabi/11.3 rel1/bin/../lib/gcc/arm-none-eabi/11.3.1/thumb/v7e-m+fp/hard\libc_nano.a(libc_a-mallocr.o)
                0x20001f24                __malloc_sbrk_start
 .bss.heap_end.0
                0x20001f28        0x4 c:/data/program files (x86)/arm gnu toolchain arm-none-eabi/11.3 rel1/bin/../lib/gcc/arm-none-eabi/11.3.1/thumb/v7e-m+fp/hard\libnosys.a(sbrk.o)
 *(COMMON)
                0x20001f2c                . = ALIGN (0x4)
                0x20001f2c                _ebss = .
                0x20001f2c                __bss_end__ = _ebss

._user_heap_stack
                0x20001f2c      0xc04 load address 0x080059c4
                0x20001f30                . = ALIGN (0x8)
 *fill*         0x20001f2c        0x4 
                0x20001f30                PROVIDE (end = .)
                [!provide]                PROVIDE (_end = .)
                0x20002730                . = (. + _Min_Heap_Size)
 *fill*         0x20001f30      0x800 
                0x20002b30                . = (. + _Min_Stack_Size)
 *fill*         0x20002730      0x400 
                0x20002b30                . = ALIGN (0x8)

/DISCARD/
 libc.a(*)
 libm.a(*)
 libgcc.a(*)

.ARM.attributes
                0x00000000       0x30
 *(.ARM.attributes)
 .ARM.attributes
                0x00000000       0x1e c:/data/program files (x86)/arm gnu toolchain arm-none-eabi/11.3 rel1/bin/../lib/gcc/arm-none-eabi/11.3.1/thumb/v7e-m+fp/hard/crti.o
 .ARM.attributes
                0x0000001e       0x34 c:/data/program files (x86)/arm gnu toolchain arm-none-eabi/11.3 rel1/bin/../lib/gcc/arm-none-eabi/11.3.1/thumb/v7e-m+fp/hard/crtbegin.o
 .ARM.attributes
                0x00000052       0x34 build/main.o
 .ARM.attributes
                0x00000086       0x34 build/ads1115.o
 .ARM.attributes
                0x000000ba       0x34 build/stm32f4xx_it.o
 .ARM.attributes
                0x000000ee       0x34 build/stm32f4xx_hal_msp.o
 .ARM.attributes
                0x00000122       0x34 build/usb_device.o
 .ARM.attributes
                0x00000156       0x34 build/usbd_desc.o
 .ARM.attributes
                0x0000018a       0x34 build/usbd_cdc_if.o
 .ARM.attributes
                0x000001be       0x34 build/usbd_conf.o
 .ARM.attributes
                0x000001f2       0x34 build/stm32f4xx_hal_pcd.o
 .ARM.attributes
                0x00000226       0x34 build/stm32f4xx_hal_pcd_ex.o
 .ARM.attributes
                0x0000025a       0x34 build/stm32f4xx_ll_usb.o
 .ARM.attributes
                0x0000028e       0x34 build/stm32f4xx_hal_rcc.o
 .ARM.attributes
                0x000002c2       0x34 build/stm32f4xx_hal_gpio.o
 .ARM.attributes
                0x000002f6       0x34 build/stm32f4xx_hal_cortex.o
 .ARM.attributes
                0x0000032a       0x34 build/stm32f4xx_hal.o
 .ARM.attributes
                0x0000035e       0x34 build/stm32f4xx_hal_i2c.o
 .ARM.attributes
                0x00000392       0x34 build/system_stm32f4xx.o
 .ARM.attributes
                0x000003c6       0x34 build/usbd_core.o
 .ARM.attributes
                0x000003fa       0x34 build/usbd_ctlreq.o
 .ARM.attributes
                0x0000042e       0x34 build/usbd_ioreq.o
 .ARM.attributes
                0x00000462       0x34 build/usbd_cdc.o
 .ARM.attributes
                0x00000496       0x21 build/startup_stm32f401xe.o
 .ARM.attributes
                0x000004b7       0x34 c:/data/program files (x86)/arm gnu toolchain arm-none-eabi/11.3 rel1/bin/../lib/gcc/arm-none-eabi/11.3.1/thumb/v7e-m+fp/hard\libc_nano.a(libc_a-findfp.o)
 .ARM.attributes
                0x000004eb       0x34 c:/data/program files (x86)/arm gnu toolchain arm-none-eabi/11.3 rel1/bin/../lib/gcc/arm-none-eabi/11.3.1/thumb/v7e-m+fp/hard\libc_nano.a(libc_a-sprintf.o)
 .ARM.attributes
                0x0000051f       0x34 c:/data/program files (x86)/arm gnu toolchain arm-none-eabi/11.3 rel1/bin/../lib/gcc/arm-none-eabi/11.3.1/thumb/v7e-m+fp/hard\libc_nano.a(libc_a-memset.o)
 .ARM.attributes
                0x00000553       0x34 c:/data/program files (x86)/arm gnu toolchain arm-none-eabi/11.3 rel1/bin/../lib/gcc/arm-none-eabi/11.3.1/thumb/v7e-m+fp/hard\libc_nano.a(libc_a-reent.o)
 .ARM.attributes
                0x00000587       0x34 c:/data/program files (x86)/arm gnu toolchain arm-none-eabi/11.3 rel1/bin/../lib/gcc/arm-none-eabi/11.3.1/thumb/v7e-m+fp/hard\libc_nano.a(libc_a-impure.o)
 .ARM.attributes
                0x000005bb       0x34 c:/data/program files (x86)/arm gnu toolchain arm-none-eabi/11.3 rel1/bin/../lib/gcc/arm-none-eabi/11.3.1/thumb/v7e-m+fp/hard\libc_nano.a(libc_a-init.o)
 .ARM.attributes
                0x000005ef       0x34 c:/data/program files (x86)/arm gnu toolchain arm-none-eabi/11.3 rel1/bin/../lib/gcc/arm-none-eabi/11.3.1/thumb/v7e-m+fp/hard\libc_nano.a(libc_a-lock.o)
 .ARM.attributes
                0x00000623       0x17 c:/data/program files (x86)/arm gnu toolchain arm-none-eabi/11.3 rel1/bin/../lib/gcc/arm-none-eabi/11.3.1/thumb/v7e-m+fp/hard\libc_nano.a(libc_a-strlen.o)
 .ARM.attributes
                0x0000063a       0x34 c:/data/program files (x86)/arm gnu toolchain arm-none-eabi/11.3 rel1/bin/../lib/gcc/arm-none-eabi/11.3.1/thumb/v7e-m+fp/hard\libc_nano.a(libc_a-freer.o)
 .ARM.attributes
                0x0000066e       0x34 c:/data/program files (x86)/arm gnu toolchain arm-none-eabi/11.3 rel1/bin/../lib/gcc/arm-none-eabi/11.3.1/thumb/v7e-m+fp/hard\libc_nano.a(libc_a-mallocr.o)
 .ARM.attributes
                0x000006a2       0x34 c:/data/program files (x86)/arm gnu toolchain arm-none-eabi/11.3 rel1/bin/../lib/gcc/arm-none-eabi/11.3.1/thumb/v7e-m+fp/hard\libc_nano.a(libc_a-mlock.o)
 .ARM.attributes
                0x000006d6       0x34 c:/data/program files (x86)/arm gnu toolchain arm-none-eabi/11.3 rel1/bin/../lib/gcc/arm-none-eabi/11.3.1/thumb/v7e-m+fp/hard\libc_nano.a(libc_a-nano-svfprintf.o)
 .ARM.attributes
                0x0000070a       0x34 c:/data/program files (x86)/arm gnu toolchain arm-none-eabi/11.3 rel1/bin/../lib/gcc/arm-none-eabi/11.3.1/thumb/v7e-m+fp/hard\libc_nano.a(libc_a-nano-vfprintf_i.o)
 .ARM.attributes
                0x0000073e       0x34 c:/data/program files (x86)/arm gnu toolchain arm-none-eabi/11.3 rel1/bin/../lib/gcc/arm-none-eabi/11.3.1/thumb/v7e-m+fp/hard\libc_nano.a(libc_a-memmove.o)
 .ARM.attributes
                0x00000772       0x34 c:/data/program files (x86)/arm gnu toolchain arm-none-eabi/11.3 rel1/bin/../lib/gcc/arm-none-eabi/11.3.1/thumb/v7e-m+fp/hard\libc_nano.a(libc_a-sbrkr.o)
 .ARM.attributes
                0x000007a6       0x1c c:/data/program files (x86)/arm gnu toolchain arm-none-eabi/11.3 rel1/bin/../lib/gcc/arm-none-eabi/11.3.1/thumb/v7e-m+fp/hard\libc_nano.a(libc_a-memchr.o)
 .ARM.attributes
                0x000007c2       0x34 c:/data/program files (x86)/arm gnu toolchain arm-none-eabi/11.3 rel1/bin/../lib/gcc/arm-none-eabi/11.3.1/thumb/v7e-m+fp/hard\libc_nano.a(libc_a-memcpy-stub.o)
 .ARM.attributes
                0x000007f6       0x34 c:/data/program files (x86)/arm gnu toolchain arm-none-eabi/11.3 rel1/bin/../lib/gcc/arm-none-eabi/11.3.1/thumb/v7e-m+fp/hard\libc_nano.a(libc_a-reallocr.o)
 .ARM.attributes
                0x0000082a       0x34 c:/data/program files (x86)/arm gnu toolchain arm-none-eabi/11.3 rel1/bin/../lib/gcc/arm-none-eabi/11.3.1/thumb/v7e-m+fp/hard\libc_nano.a(libc_a-msizer.o)
 .ARM.attributes
                0x0000085e       0x34 c:/data/program files (x86)/arm gnu toolchain arm-none-eabi/11.3 rel1/bin/../lib/gcc/arm-none-eabi/11.3.1/thumb/v7e-m+fp/hard\libnosys.a(sbrk.o)
 .ARM.attributes
                0x00000892       0x1e c:/data/program files (x86)/arm gnu toolchain arm-none-eabi/11.3 rel1/bin/../lib/gcc/arm-none-eabi/11.3.1/thumb/v7e-m+fp/hard\libgcc.a(_aeabi_uldivmod.o)
 .ARM.attributes
                0x000008b0       0x34 c:/data/program files (x86)/arm gnu toolchain arm-none-eabi/11.3 rel1/bin/../lib/gcc/arm-none-eabi/11.3.1/thumb/v7e-m+fp/hard\libgcc.a(_udivmoddi4.o)
 .ARM.attributes
                0x000008e4       0x1e c:/data/program files (x86)/arm gnu toolchain arm-none-eabi/11.3 rel1/bin/../lib/gcc/arm-none-eabi/11.3.1/thumb/v7e-m+fp/hard\libgcc.a(_dvmd_tls.o)
 .ARM.attributes
                0x00000902       0x34 c:/data/program files (x86)/arm gnu toolchain arm-none-eabi/11.3 rel1/bin/../lib/gcc/arm-none-eabi/11.3.1/thumb/v7e-m+fp/hard/crtend.o
 .ARM.attributes
                0x00000936       0x1e c:/data/program files (x86)/arm gnu toolchain arm-none-eabi/11.3 rel1/bin/../lib/gcc/arm-none-eabi/11.3.1/thumb/v7e-m+fp/hard/crtn.o
OUTPUT(build/F401_ADS1115.elf elf32-littlearm)
LOAD linker stubs
LOAD c:/data/program files (x86)/arm gnu toolchain arm-none-eabi/11.3 rel1/bin/../lib/gcc/arm-none-eabi/11.3.1/thumb/v7e-m+fp/hard\libc.a
LOAD c:/data/program files (x86)/arm gnu toolchain arm-none-eabi/11.3 rel1/bin/../lib/gcc/arm-none-eabi/11.3.1/thumb/v7e-m+fp/hard\libm.a
LOAD c:/data/program files (x86)/arm gnu toolchain arm-none-eabi/11.3 rel1/bin/../lib/gcc/arm-none-eabi/11.3.1/thumb/v7e-m+fp/hard\libgcc.a

.comment        0x00000000       0x33
 .comment       0x00000000       0x33 c:/data/program files (x86)/arm gnu toolchain arm-none-eabi/11.3 rel1/bin/../lib/gcc/arm-none-eabi/11.3.1/thumb/v7e-m+fp/hard/crtbegin.o
                                 0x34 (size before relaxing)
 .comment       0x00000033       0x34 build/main.o
 .comment       0x00000033       0x34 build/ads1115.o
 .comment       0x00000033       0x34 build/stm32f4xx_it.o
 .comment       0x00000033       0x34 build/stm32f4xx_hal_msp.o
 .comment       0x00000033       0x34 build/usb_device.o
 .comment       0x00000033       0x34 build/usbd_desc.o
 .comment       0x00000033       0x34 build/usbd_cdc_if.o
 .comment       0x00000033       0x34 build/usbd_conf.o
 .comment       0x00000033       0x34 build/stm32f4xx_hal_pcd.o
 .comment       0x00000033       0x34 build/stm32f4xx_hal_pcd_ex.o
 .comment       0x00000033       0x34 build/stm32f4xx_ll_usb.o
 .comment       0x00000033       0x34 build/stm32f4xx_hal_rcc.o
 .comment       0x00000033       0x34 build/stm32f4xx_hal_gpio.o
 .comment       0x00000033       0x34 build/stm32f4xx_hal_cortex.o
 .comment       0x00000033       0x34 build/stm32f4xx_hal.o
 .comment       0x00000033       0x34 build/stm32f4xx_hal_i2c.o
 .comment       0x00000033       0x34 build/system_stm32f4xx.o
 .comment       0x00000033       0x34 build/usbd_core.o
 .comment       0x00000033       0x34 build/usbd_ctlreq.o
 .comment       0x00000033       0x34 build/usbd_ioreq.o
 .comment       0x00000033       0x34 build/usbd_cdc.o
 .comment       0x00000033       0x34 c:/data/program files (x86)/arm gnu toolchain arm-none-eabi/11.3 rel1/bin/../lib/gcc/arm-none-eabi/11.3.1/thumb/v7e-m+fp/hard\libc_nano.a(libc_a-findfp.o)
 .comment       0x00000033       0x34 c:/data/program files (x86)/arm gnu toolchain arm-none-eabi/11.3 rel1/bin/../lib/gcc/arm-none-eabi/11.3.1/thumb/v7e-m+fp/hard\libc_nano.a(libc_a-sprintf.o)
 .comment       0x00000033       0x34 c:/data/program files (x86)/arm gnu toolchain arm-none-eabi/11.3 rel1/bin/../lib/gcc/arm-none-eabi/11.3.1/thumb/v7e-m+fp/hard\libc_nano.a(libc_a-memset.o)
 .comment       0x00000033       0x34 c:/data/program files (x86)/arm gnu toolchain arm-none-eabi/11.3 rel1/bin/../lib/gcc/arm-none-eabi/11.3.1/thumb/v7e-m+fp/hard\libc_nano.a(libc_a-reent.o)
 .comment       0x00000033       0x34 c:/data/program files (x86)/arm gnu toolchain arm-none-eabi/11.3 rel1/bin/../lib/gcc/arm-none-eabi/11.3.1/thumb/v7e-m+fp/hard\libc_nano.a(libc_a-impure.o)
 .comment       0x00000033       0x34 c:/data/program files (x86)/arm gnu toolchain arm-none-eabi/11.3 rel1/bin/../lib/gcc/arm-none-eabi/11.3.1/thumb/v7e-m+fp/hard\libc_nano.a(libc_a-init.o)
 .comment       0x00000033       0x34 c:/data/program files (x86)/arm gnu toolchain arm-none-eabi/11.3 rel1/bin/../lib/gcc/arm-none-eabi/11.3.1/thumb/v7e-m+fp/hard\libc_nano.a(libc_a-lock.o)
 .comment       0x00000033       0x34 c:/data/program files (x86)/arm gnu toolchain arm-none-eabi/11.3 rel1/bin/../lib/gcc/arm-none-eabi/11.3.1/thumb/v7e-m+fp/hard\libc_nano.a(libc_a-freer.o)
 .comment       0x00000033       0x34 c:/data/program files (x86)/arm gnu toolchain arm-none-eabi/11.3 rel1/bin/../lib/gcc/arm-none-eabi/11.3.1/thumb/v7e-m+fp/hard\libc_nano.a(libc_a-mallocr.o)
 .comment       0x00000033       0x34 c:/data/program files (x86)/arm gnu toolchain arm-none-eabi/11.3 rel1/bin/../lib/gcc/arm-none-eabi/11.3.1/thumb/v7e-m+fp/hard\libc_nano.a(libc_a-mlock.o)
 .comment       0x00000033       0x34 c:/data/program files (x86)/arm gnu toolchain arm-none-eabi/11.3 rel1/bin/../lib/gcc/arm-none-eabi/11.3.1/thumb/v7e-m+fp/hard\libc_nano.a(libc_a-nano-svfprintf.o)
 .comment       0x00000033       0x34 c:/data/program files (x86)/arm gnu toolchain arm-none-eabi/11.3 rel1/bin/../lib/gcc/arm-none-eabi/11.3.1/thumb/v7e-m+fp/hard\libc_nano.a(libc_a-nano-vfprintf_i.o)
 .comment       0x00000033       0x34 c:/data/program files (x86)/arm gnu toolchain arm-none-eabi/11.3 rel1/bin/../lib/gcc/arm-none-eabi/11.3.1/thumb/v7e-m+fp/hard\libc_nano.a(libc_a-memmove.o)
 .comment       0x00000033       0x34 c:/data/program files (x86)/arm gnu toolchain arm-none-eabi/11.3 rel1/bin/../lib/gcc/arm-none-eabi/11.3.1/thumb/v7e-m+fp/hard\libc_nano.a(libc_a-sbrkr.o)
 .comment       0x00000033       0x34 c:/data/program files (x86)/arm gnu toolchain arm-none-eabi/11.3 rel1/bin/../lib/gcc/arm-none-eabi/11.3.1/thumb/v7e-m+fp/hard\libc_nano.a(libc_a-memcpy-stub.o)
 .comment       0x00000033       0x34 c:/data/program files (x86)/arm gnu toolchain arm-none-eabi/11.3 rel1/bin/../lib/gcc/arm-none-eabi/11.3.1/thumb/v7e-m+fp/hard\libc_nano.a(libc_a-reallocr.o)
 .comment       0x00000033       0x34 c:/data/program files (x86)/arm gnu toolchain arm-none-eabi/11.3 rel1/bin/../lib/gcc/arm-none-eabi/11.3.1/thumb/v7e-m+fp/hard\libc_nano.a(libc_a-msizer.o)
 .comment       0x00000033       0x34 c:/data/program files (x86)/arm gnu toolchain arm-none-eabi/11.3 rel1/bin/../lib/gcc/arm-none-eabi/11.3.1/thumb/v7e-m+fp/hard\libnosys.a(sbrk.o)
 .comment       0x00000033       0x34 c:/data/program files (x86)/arm gnu toolchain arm-none-eabi/11.3 rel1/bin/../lib/gcc/arm-none-eabi/11.3.1/thumb/v7e-m+fp/hard\libgcc.a(_udivmoddi4.o)
 .comment       0x00000033       0x34 c:/data/program files (x86)/arm gnu toolchain arm-none-eabi/11.3 rel1/bin/../lib/gcc/arm-none-eabi/11.3.1/thumb/v7e-m+fp/hard/crtend.o

.debug_info     0x00000000    0x1faad
 .debug_info    0x00000000     0x11fa build/main.o
 .debug_info    0x000011fa      0xd43 build/ads1115.o
 .debug_info    0x00001f3d      0x716 build/stm32f4xx_it.o
 .debug_info    0x00002653      0xb5e build/stm32f4xx_hal_msp.o
 .debug_info    0x000031b1      0x894 build/usb_device.o
 .debug_info    0x00003a45      0x650 build/usbd_desc.o
 .debug_info    0x00004095      0xb0f build/usbd_cdc_if.o
 .debug_info    0x00004ba4     0x2324 build/usbd_conf.o
 .debug_info    0x00006ec8     0x1f1b build/stm32f4xx_hal_pcd.o
 .debug_info    0x00008de3      0x7b3 build/stm32f4xx_hal_pcd_ex.o
 .debug_info    0x00009596     0x2157 build/stm32f4xx_ll_usb.o
 .debug_info    0x0000b6ed      0xc36 build/stm32f4xx_hal_rcc.o
 .debug_info    0x0000c323      0x872 build/stm32f4xx_hal_gpio.o
 .debug_info    0x0000cb95     0x10e4 build/stm32f4xx_hal_cortex.o
 .debug_info    0x0000dc79      0xa8a build/stm32f4xx_hal.o
 .debug_info    0x0000e703     0x3b7a build/stm32f4xx_hal_i2c.o
 .debug_info    0x0001227d      0x5e5 build/system_stm32f4xx.o
 .debug_info    0x00012862     0x143a build/usbd_core.o
 .debug_info    0x00013c9c     0x1565 build/usbd_ctlreq.o
 .debug_info    0x00015201      0x9b2 build/usbd_ioreq.o
 .debug_info    0x00015bb3     0x194a build/usbd_cdc.o
 .debug_info    0x000174fd       0x22 build/startup_stm32f401xe.o
 .debug_info    0x0001751f      0xf8f c:/data/program files (x86)/arm gnu toolchain arm-none-eabi/11.3 rel1/bin/../lib/gcc/arm-none-eabi/11.3.1/thumb/v7e-m+fp/hard\libc_nano.a(libc_a-findfp.o)
 .debug_info    0x000184ae      0x87e c:/data/program files (x86)/arm gnu toolchain arm-none-eabi/11.3 rel1/bin/../lib/gcc/arm-none-eabi/11.3.1/thumb/v7e-m+fp/hard\libc_nano.a(libc_a-sprintf.o)
 .debug_info    0x00018d2c       0xe0 c:/data/program files (x86)/arm gnu toolchain arm-none-eabi/11.3 rel1/bin/../lib/gcc/arm-none-eabi/11.3.1/thumb/v7e-m+fp/hard\libc_nano.a(libc_a-memset.o)
 .debug_info    0x00018e0c      0x858 c:/data/program files (x86)/arm gnu toolchain arm-none-eabi/11.3 rel1/bin/../lib/gcc/arm-none-eabi/11.3.1/thumb/v7e-m+fp/hard\libc_nano.a(libc_a-reent.o)
 .debug_info    0x00019664      0x714 c:/data/program files (x86)/arm gnu toolchain arm-none-eabi/11.3 rel1/bin/../lib/gcc/arm-none-eabi/11.3.1/thumb/v7e-m+fp/hard\libc_nano.a(libc_a-impure.o)
 .debug_info    0x00019d78      0x10b c:/data/program files (x86)/arm gnu toolchain arm-none-eabi/11.3 rel1/bin/../lib/gcc/arm-none-eabi/11.3.1/thumb/v7e-m+fp/hard\libc_nano.a(libc_a-init.o)
 .debug_info    0x00019e83      0x20a c:/data/program files (x86)/arm gnu toolchain arm-none-eabi/11.3 rel1/bin/../lib/gcc/arm-none-eabi/11.3.1/thumb/v7e-m+fp/hard\libc_nano.a(libc_a-lock.o)
 .debug_info    0x0001a08d       0x24 c:/data/program files (x86)/arm gnu toolchain arm-none-eabi/11.3 rel1/bin/../lib/gcc/arm-none-eabi/11.3.1/thumb/v7e-m+fp/hard\libc_nano.a(libc_a-strlen.o)
 .debug_info    0x0001a0b1      0x845 c:/data/program files (x86)/arm gnu toolchain arm-none-eabi/11.3 rel1/bin/../lib/gcc/arm-none-eabi/11.3.1/thumb/v7e-m+fp/hard\libc_nano.a(libc_a-freer.o)
 .debug_info    0x0001a8f6      0x9bb c:/data/program files (x86)/arm gnu toolchain arm-none-eabi/11.3 rel1/bin/../lib/gcc/arm-none-eabi/11.3.1/thumb/v7e-m+fp/hard\libc_nano.a(libc_a-mallocr.o)
 .debug_info    0x0001b2b1      0x76a c:/data/program files (x86)/arm gnu toolchain arm-none-eabi/11.3 rel1/bin/../lib/gcc/arm-none-eabi/11.3.1/thumb/v7e-m+fp/hard\libc_nano.a(libc_a-mlock.o)
 .debug_info    0x0001ba1b     0x10c1 c:/data/program files (x86)/arm gnu toolchain arm-none-eabi/11.3 rel1/bin/../lib/gcc/arm-none-eabi/11.3.1/thumb/v7e-m+fp/hard\libc_nano.a(libc_a-nano-svfprintf.o)
 .debug_info    0x0001cadc      0xddf c:/data/program files (x86)/arm gnu toolchain arm-none-eabi/11.3 rel1/bin/../lib/gcc/arm-none-eabi/11.3.1/thumb/v7e-m+fp/hard\libc_nano.a(libc_a-nano-vfprintf_i.o)
 .debug_info    0x0001d8bb      0x10f c:/data/program files (x86)/arm gnu toolchain arm-none-eabi/11.3 rel1/bin/../lib/gcc/arm-none-eabi/11.3.1/thumb/v7e-m+fp/hard\libc_nano.a(libc_a-memmove.o)
 .debug_info    0x0001d9ca      0x77b c:/data/program files (x86)/arm gnu toolchain arm-none-eabi/11.3 rel1/bin/../lib/gcc/arm-none-eabi/11.3.1/thumb/v7e-m+fp/hard\libc_nano.a(libc_a-sbrkr.o)
 .debug_info    0x0001e145       0x25 c:/data/program files (x86)/arm gnu toolchain arm-none-eabi/11.3 rel1/bin/../lib/gcc/arm-none-eabi/11.3.1/thumb/v7e-m+fp/hard\libc_nano.a(libc_a-memchr.o)
 .debug_info    0x0001e16a      0x121 c:/data/program files (x86)/arm gnu toolchain arm-none-eabi/11.3 rel1/bin/../lib/gcc/arm-none-eabi/11.3.1/thumb/v7e-m+fp/hard\libc_nano.a(libc_a-memcpy-stub.o)
 .debug_info    0x0001e28b      0x8c6 c:/data/program files (x86)/arm gnu toolchain arm-none-eabi/11.3 rel1/bin/../lib/gcc/arm-none-eabi/11.3.1/thumb/v7e-m+fp/hard\libc_nano.a(libc_a-reallocr.o)
 .debug_info    0x0001eb51      0x793 c:/data/program files (x86)/arm gnu toolchain arm-none-eabi/11.3 rel1/bin/../lib/gcc/arm-none-eabi/11.3.1/thumb/v7e-m+fp/hard\libc_nano.a(libc_a-msizer.o)
 .debug_info    0x0001f2e4       0x9e c:/data/program files (x86)/arm gnu toolchain arm-none-eabi/11.3 rel1/bin/../lib/gcc/arm-none-eabi/11.3.1/thumb/v7e-m+fp/hard\libnosys.a(sbrk.o)
 .debug_info    0x0001f382       0x24 c:/data/program files (x86)/arm gnu toolchain arm-none-eabi/11.3 rel1/bin/../lib/gcc/arm-none-eabi/11.3.1/thumb/v7e-m+fp/hard\libgcc.a(_aeabi_uldivmod.o)
 .debug_info    0x0001f3a6      0x6e3 c:/data/program files (x86)/arm gnu toolchain arm-none-eabi/11.3 rel1/bin/../lib/gcc/arm-none-eabi/11.3.1/thumb/v7e-m+fp/hard\libgcc.a(_udivmoddi4.o)
 .debug_info    0x0001fa89       0x24 c:/data/program files (x86)/arm gnu toolchain arm-none-eabi/11.3 rel1/bin/../lib/gcc/arm-none-eabi/11.3.1/thumb/v7e-m+fp/hard\libgcc.a(_dvmd_tls.o)

.debug_abbrev   0x00000000     0x5565
 .debug_abbrev  0x00000000      0x2d3 build/main.o
 .debug_abbrev  0x000002d3      0x212 build/ads1115.o
 .debug_abbrev  0x000004e5      0x183 build/stm32f4xx_it.o
 .debug_abbrev  0x00000668      0x1ba build/stm32f4xx_hal_msp.o
 .debug_abbrev  0x00000822      0x19c build/usb_device.o
 .debug_abbrev  0x000009be      0x208 build/usbd_desc.o
 .debug_abbrev  0x00000bc6      0x2d0 build/usbd_cdc_if.o
 .debug_abbrev  0x00000e96      0x34b build/usbd_conf.o
 .debug_abbrev  0x000011e1      0x2fe build/stm32f4xx_hal_pcd.o
 .debug_abbrev  0x000014df      0x1c5 build/stm32f4xx_hal_pcd_ex.o
 .debug_abbrev  0x000016a4      0x33d build/stm32f4xx_ll_usb.o
 .debug_abbrev  0x000019e1      0x2de build/stm32f4xx_hal_rcc.o
 .debug_abbrev  0x00001cbf      0x22b build/stm32f4xx_hal_gpio.o
 .debug_abbrev  0x00001eea      0x371 build/stm32f4xx_hal_cortex.o
 .debug_abbrev  0x0000225b      0x275 build/stm32f4xx_hal.o
 .debug_abbrev  0x000024d0      0x339 build/stm32f4xx_hal_i2c.o
 .debug_abbrev  0x00002809      0x11b build/system_stm32f4xx.o
 .debug_abbrev  0x00002924      0x2ec build/usbd_core.o
 .debug_abbrev  0x00002c10      0x359 build/usbd_ctlreq.o
 .debug_abbrev  0x00002f69      0x195 build/usbd_ioreq.o
 .debug_abbrev  0x000030fe      0x32f build/usbd_cdc.o
 .debug_abbrev  0x0000342d       0x12 build/startup_stm32f401xe.o
 .debug_abbrev  0x0000343f      0x40c c:/data/program files (x86)/arm gnu toolchain arm-none-eabi/11.3 rel1/bin/../lib/gcc/arm-none-eabi/11.3.1/thumb/v7e-m+fp/hard\libc_nano.a(libc_a-findfp.o)
 .debug_abbrev  0x0000384b      0x21c c:/data/program files (x86)/arm gnu toolchain arm-none-eabi/11.3 rel1/bin/../lib/gcc/arm-none-eabi/11.3.1/thumb/v7e-m+fp/hard\libc_nano.a(libc_a-sprintf.o)
 .debug_abbrev  0x00003a67       0x9e c:/data/program files (x86)/arm gnu toolchain arm-none-eabi/11.3 rel1/bin/../lib/gcc/arm-none-eabi/11.3.1/thumb/v7e-m+fp/hard\libc_nano.a(libc_a-memset.o)
 .debug_abbrev  0x00003b05      0x1f8 c:/data/program files (x86)/arm gnu toolchain arm-none-eabi/11.3 rel1/bin/../lib/gcc/arm-none-eabi/11.3.1/thumb/v7e-m+fp/hard\libc_nano.a(libc_a-reent.o)
 .debug_abbrev  0x00003cfd      0x149 c:/data/program files (x86)/arm gnu toolchain arm-none-eabi/11.3 rel1/bin/../lib/gcc/arm-none-eabi/11.3.1/thumb/v7e-m+fp/hard\libc_nano.a(libc_a-impure.o)
 .debug_abbrev  0x00003e46       0xc9 c:/data/program files (x86)/arm gnu toolchain arm-none-eabi/11.3 rel1/bin/../lib/gcc/arm-none-eabi/11.3.1/thumb/v7e-m+fp/hard\libc_nano.a(libc_a-init.o)
 .debug_abbrev  0x00003f0f      0x115 c:/data/program files (x86)/arm gnu toolchain arm-none-eabi/11.3 rel1/bin/../lib/gcc/arm-none-eabi/11.3.1/thumb/v7e-m+fp/hard\libc_nano.a(libc_a-lock.o)
 .debug_abbrev  0x00004024       0x14 c:/data/program files (x86)/arm gnu toolchain arm-none-eabi/11.3 rel1/bin/../lib/gcc/arm-none-eabi/11.3.1/thumb/v7e-m+fp/hard\libc_nano.a(libc_a-strlen.o)
 .debug_abbrev  0x00004038      0x23b c:/data/program files (x86)/arm gnu toolchain arm-none-eabi/11.3 rel1/bin/../lib/gcc/arm-none-eabi/11.3.1/thumb/v7e-m+fp/hard\libc_nano.a(libc_a-freer.o)
 .debug_abbrev  0x00004273      0x24a c:/data/program files (x86)/arm gnu toolchain arm-none-eabi/11.3 rel1/bin/../lib/gcc/arm-none-eabi/11.3.1/thumb/v7e-m+fp/hard\libc_nano.a(libc_a-mallocr.o)
 .debug_abbrev  0x000044bd      0x1bf c:/data/program files (x86)/arm gnu toolchain arm-none-eabi/11.3 rel1/bin/../lib/gcc/arm-none-eabi/11.3.1/thumb/v7e-m+fp/hard\libc_nano.a(libc_a-mlock.o)
 .debug_abbrev  0x0000467c      0x31f c:/data/program files (x86)/arm gnu toolchain arm-none-eabi/11.3 rel1/bin/../lib/gcc/arm-none-eabi/11.3.1/thumb/v7e-m+fp/hard\libc_nano.a(libc_a-nano-svfprintf.o)
 .debug_abbrev  0x0000499b      0x28f c:/data/program files (x86)/arm gnu toolchain arm-none-eabi/11.3 rel1/bin/../lib/gcc/arm-none-eabi/11.3.1/thumb/v7e-m+fp/hard\libc_nano.a(libc_a-nano-vfprintf_i.o)
 .debug_abbrev  0x00004c2a       0xac c:/data/program files (x86)/arm gnu toolchain arm-none-eabi/11.3 rel1/bin/../lib/gcc/arm-none-eabi/11.3.1/thumb/v7e-m+fp/hard\libc_nano.a(libc_a-memmove.o)
 .debug_abbrev  0x00004cd6      0x1da c:/data/program files (x86)/arm gnu toolchain arm-none-eabi/11.3 rel1/bin/../lib/gcc/arm-none-eabi/11.3.1/thumb/v7e-m+fp/hard\libc_nano.a(libc_a-sbrkr.o)
 .debug_abbrev  0x00004eb0       0x14 c:/data/program files (x86)/arm gnu toolchain arm-none-eabi/11.3 rel1/bin/../lib/gcc/arm-none-eabi/11.3.1/thumb/v7e-m+fp/hard\libc_nano.a(libc_a-memchr.o)
 .debug_abbrev  0x00004ec4       0xc1 c:/data/program files (x86)/arm gnu toolchain arm-none-eabi/11.3 rel1/bin/../lib/gcc/arm-none-eabi/11.3.1/thumb/v7e-m+fp/hard\libc_nano.a(libc_a-memcpy-stub.o)
 .debug_abbrev  0x00004f85      0x217 c:/data/program files (x86)/arm gnu toolchain arm-none-eabi/11.3 rel1/bin/../lib/gcc/arm-none-eabi/11.3.1/thumb/v7e-m+fp/hard\libc_nano.a(libc_a-reallocr.o)
 .debug_abbrev  0x0000519c      0x196 c:/data/program files (x86)/arm gnu toolchain arm-none-eabi/11.3 rel1/bin/../lib/gcc/arm-none-eabi/11.3.1/thumb/v7e-m+fp/hard\libc_nano.a(libc_a-msizer.o)
 .debug_abbrev  0x00005332       0xa1 c:/data/program files (x86)/arm gnu toolchain arm-none-eabi/11.3 rel1/bin/../lib/gcc/arm-none-eabi/11.3.1/thumb/v7e-m+fp/hard\libnosys.a(sbrk.o)
 .debug_abbrev  0x000053d3       0x14 c:/data/program files (x86)/arm gnu toolchain arm-none-eabi/11.3 rel1/bin/../lib/gcc/arm-none-eabi/11.3.1/thumb/v7e-m+fp/hard\libgcc.a(_aeabi_uldivmod.o)
 .debug_abbrev  0x000053e7      0x16a c:/data/program files (x86)/arm gnu toolchain arm-none-eabi/11.3 rel1/bin/../lib/gcc/arm-none-eabi/11.3.1/thumb/v7e-m+fp/hard\libgcc.a(_udivmoddi4.o)
 .debug_abbrev  0x00005551       0x14 c:/data/program files (x86)/arm gnu toolchain arm-none-eabi/11.3 rel1/bin/../lib/gcc/arm-none-eabi/11.3.1/thumb/v7e-m+fp/hard\libgcc.a(_dvmd_tls.o)

.debug_loc      0x00000000     0xfcdd
 .debug_loc     0x00000000      0x100 build/main.o
 .debug_loc     0x00000100      0x3e6 build/ads1115.o
 .debug_loc     0x000004e6       0x40 build/stm32f4xx_it.o
 .debug_loc     0x00000526       0xf7 build/stm32f4xx_hal_msp.o
 .debug_loc     0x0000061d       0x20 build/usb_device.o
 .debug_loc     0x0000063d      0x47b build/usbd_desc.o
 .debug_loc     0x00000ab8      0x228 build/usbd_cdc_if.o
 .debug_loc     0x00000ce0      0xf75 build/usbd_conf.o
 .debug_loc     0x00001c55     0x1752 build/stm32f4xx_hal_pcd.o
 .debug_loc     0x000033a7      0x116 build/stm32f4xx_hal_pcd_ex.o
 .debug_loc     0x000034bd     0x2878 build/stm32f4xx_ll_usb.o
 .debug_loc     0x00005d35      0x6e4 build/stm32f4xx_hal_rcc.o
 .debug_loc     0x00006419      0x5db build/stm32f4xx_hal_gpio.o
 .debug_loc     0x000069f4      0x831 build/stm32f4xx_hal_cortex.o
 .debug_loc     0x00007225      0x1e1 build/stm32f4xx_hal.o
 .debug_loc     0x00007406     0x4dd4 build/stm32f4xx_hal_i2c.o
 .debug_loc     0x0000c1da      0x158 build/system_stm32f4xx.o
 .debug_loc     0x0000c332     0x102a build/usbd_core.o
 .debug_loc     0x0000d35c     0x1a0d build/usbd_ctlreq.o
 .debug_loc     0x0000ed69      0x398 build/usbd_ioreq.o
 .debug_loc     0x0000f101      0xbdc build/usbd_cdc.o

.debug_aranges  0x00000000     0x1130
 .debug_aranges
                0x00000000       0x40 build/main.o
 .debug_aranges
                0x00000040       0x50 build/ads1115.o
 .debug_aranges
                0x00000090       0x68 build/stm32f4xx_it.o
 .debug_aranges
                0x000000f8       0x30 build/stm32f4xx_hal_msp.o
 .debug_aranges
                0x00000128       0x20 build/usb_device.o
 .debug_aranges
                0x00000148       0x60 build/usbd_desc.o
 .debug_aranges
                0x000001a8       0x48 build/usbd_cdc_if.o
 .debug_aranges
                0x000001f0      0x110 build/usbd_conf.o
 .debug_aranges
                0x00000300      0x148 build/stm32f4xx_hal_pcd.o
 .debug_aranges
                0x00000448       0x38 build/stm32f4xx_hal_pcd_ex.o
 .debug_aranges
                0x00000480      0x1a0 build/stm32f4xx_ll_usb.o
 .debug_aranges
                0x00000620       0x88 build/stm32f4xx_hal_rcc.o
 .debug_aranges
                0x000006a8       0x58 build/stm32f4xx_hal_gpio.o
 .debug_aranges
                0x00000700       0xa8 build/stm32f4xx_hal_cortex.o
 .debug_aranges
                0x000007a8       0xf0 build/stm32f4xx_hal.o
 .debug_aranges
                0x00000898      0x2a0 build/stm32f4xx_hal_i2c.o
 .debug_aranges
                0x00000b38       0x28 build/system_stm32f4xx.o
 .debug_aranges
                0x00000b60       0xd8 build/usbd_core.o
 .debug_aranges
                0x00000c38       0x88 build/usbd_ctlreq.o
 .debug_aranges
                0x00000cc0       0x50 build/usbd_ioreq.o
 .debug_aranges
                0x00000d10       0x90 build/usbd_cdc.o
 .debug_aranges
                0x00000da0       0x28 build/startup_stm32f401xe.o
 .debug_aranges
                0x00000dc8       0x78 c:/data/program files (x86)/arm gnu toolchain arm-none-eabi/11.3 rel1/bin/../lib/gcc/arm-none-eabi/11.3.1/thumb/v7e-m+fp/hard\libc_nano.a(libc_a-findfp.o)
 .debug_aranges
                0x00000e40       0x28 c:/data/program files (x86)/arm gnu toolchain arm-none-eabi/11.3 rel1/bin/../lib/gcc/arm-none-eabi/11.3.1/thumb/v7e-m+fp/hard\libc_nano.a(libc_a-sprintf.o)
 .debug_aranges
                0x00000e68       0x20 c:/data/program files (x86)/arm gnu toolchain arm-none-eabi/11.3 rel1/bin/../lib/gcc/arm-none-eabi/11.3.1/thumb/v7e-m+fp/hard\libc_nano.a(libc_a-memset.o)
 .debug_aranges
                0x00000e88       0x20 c:/data/program files (x86)/arm gnu toolchain arm-none-eabi/11.3 rel1/bin/../lib/gcc/arm-none-eabi/11.3.1/thumb/v7e-m+fp/hard\libc_nano.a(libc_a-reent.o)
 .debug_aranges
                0x00000ea8       0x18 c:/data/program files (x86)/arm gnu toolchain arm-none-eabi/11.3 rel1/bin/../lib/gcc/arm-none-eabi/11.3.1/thumb/v7e-m+fp/hard\libc_nano.a(libc_a-impure.o)
 .debug_aranges
                0x00000ec0       0x20 c:/data/program files (x86)/arm gnu toolchain arm-none-eabi/11.3 rel1/bin/../lib/gcc/arm-none-eabi/11.3.1/thumb/v7e-m+fp/hard\libc_nano.a(libc_a-init.o)
 .debug_aranges
                0x00000ee0       0x28 c:/data/program files (x86)/arm gnu toolchain arm-none-eabi/11.3 rel1/bin/../lib/gcc/arm-none-eabi/11.3.1/thumb/v7e-m+fp/hard\libc_nano.a(libc_a-lock.o)
 .debug_aranges
                0x00000f08       0x20 c:/data/program files (x86)/arm gnu toolchain arm-none-eabi/11.3 rel1/bin/../lib/gcc/arm-none-eabi/11.3.1/thumb/v7e-m+fp/hard\libc_nano.a(libc_a-strlen.o)
 .debug_aranges
                0x00000f28       0x20 c:/data/program files (x86)/arm gnu toolchain arm-none-eabi/11.3 rel1/bin/../lib/gcc/arm-none-eabi/11.3.1/thumb/v7e-m+fp/hard\libc_nano.a(libc_a-freer.o)
 .debug_aranges
                0x00000f48       0x28 c:/data/program files (x86)/arm gnu toolchain arm-none-eabi/11.3 rel1/bin/../lib/gcc/arm-none-eabi/11.3.1/thumb/v7e-m+fp/hard\libc_nano.a(libc_a-mallocr.o)
 .debug_aranges
                0x00000f70       0x28 c:/data/program files (x86)/arm gnu toolchain arm-none-eabi/11.3 rel1/bin/../lib/gcc/arm-none-eabi/11.3.1/thumb/v7e-m+fp/hard\libc_nano.a(libc_a-mlock.o)
 .debug_aranges
                0x00000f98       0x30 c:/data/program files (x86)/arm gnu toolchain arm-none-eabi/11.3 rel1/bin/../lib/gcc/arm-none-eabi/11.3.1/thumb/v7e-m+fp/hard\libc_nano.a(libc_a-nano-svfprintf.o)
 .debug_aranges
                0x00000fc8       0x28 c:/data/program files (x86)/arm gnu toolchain arm-none-eabi/11.3 rel1/bin/../lib/gcc/arm-none-eabi/11.3.1/thumb/v7e-m+fp/hard\libc_nano.a(libc_a-nano-vfprintf_i.o)
 .debug_aranges
                0x00000ff0       0x20 c:/data/program files (x86)/arm gnu toolchain arm-none-eabi/11.3 rel1/bin/../lib/gcc/arm-none-eabi/11.3.1/thumb/v7e-m+fp/hard\libc_nano.a(libc_a-memmove.o)
 .debug_aranges
                0x00001010       0x20 c:/data/program files (x86)/arm gnu toolchain arm-none-eabi/11.3 rel1/bin/../lib/gcc/arm-none-eabi/11.3.1/thumb/v7e-m+fp/hard\libc_nano.a(libc_a-sbrkr.o)
 .debug_aranges
                0x00001030       0x20 c:/data/program files (x86)/arm gnu toolchain arm-none-eabi/11.3 rel1/bin/../lib/gcc/arm-none-eabi/11.3.1/thumb/v7e-m+fp/hard\libc_nano.a(libc_a-memchr.o)
 .debug_aranges
                0x00001050       0x20 c:/data/program files (x86)/arm gnu toolchain arm-none-eabi/11.3 rel1/bin/../lib/gcc/arm-none-eabi/11.3.1/thumb/v7e-m+fp/hard\libc_nano.a(libc_a-memcpy-stub.o)
 .debug_aranges
                0x00001070       0x20 c:/data/program files (x86)/arm gnu toolchain arm-none-eabi/11.3 rel1/bin/../lib/gcc/arm-none-eabi/11.3.1/thumb/v7e-m+fp/hard\libc_nano.a(libc_a-reallocr.o)
 .debug_aranges
                0x00001090       0x20 c:/data/program files (x86)/arm gnu toolchain arm-none-eabi/11.3 rel1/bin/../lib/gcc/arm-none-eabi/11.3.1/thumb/v7e-m+fp/hard\libc_nano.a(libc_a-msizer.o)
 .debug_aranges
                0x000010b0       0x20 c:/data/program files (x86)/arm gnu toolchain arm-none-eabi/11.3 rel1/bin/../lib/gcc/arm-none-eabi/11.3.1/thumb/v7e-m+fp/hard\libnosys.a(sbrk.o)
 .debug_aranges
                0x000010d0       0x20 c:/data/program files (x86)/arm gnu toolchain arm-none-eabi/11.3 rel1/bin/../lib/gcc/arm-none-eabi/11.3.1/thumb/v7e-m+fp/hard\libgcc.a(_aeabi_uldivmod.o)
 .debug_aranges
                0x000010f0       0x20 c:/data/program files (x86)/arm gnu toolchain arm-none-eabi/11.3 rel1/bin/../lib/gcc/arm-none-eabi/11.3.1/thumb/v7e-m+fp/hard\libgcc.a(_udivmoddi4.o)
 .debug_aranges
                0x00001110       0x20 c:/data/program files (x86)/arm gnu toolchain arm-none-eabi/11.3 rel1/bin/../lib/gcc/arm-none-eabi/11.3.1/thumb/v7e-m+fp/hard\libgcc.a(_dvmd_tls.o)

.debug_ranges   0x00000000      0xd00
 .debug_ranges  0x00000000       0x30 build/main.o
 .debug_ranges  0x00000030       0x40 build/ads1115.o
 .debug_ranges  0x00000070       0x58 build/stm32f4xx_it.o
 .debug_ranges  0x000000c8       0x20 build/stm32f4xx_hal_msp.o
 .debug_ranges  0x000000e8       0x10 build/usb_device.o
 .debug_ranges  0x000000f8       0x50 build/usbd_desc.o
 .debug_ranges  0x00000148       0x38 build/usbd_cdc_if.o
 .debug_ranges  0x00000180      0x100 build/usbd_conf.o
 .debug_ranges  0x00000280      0x138 build/stm32f4xx_hal_pcd.o
 .debug_ranges  0x000003b8       0x28 build/stm32f4xx_hal_pcd_ex.o
 .debug_ranges  0x000003e0      0x190 build/stm32f4xx_ll_usb.o
 .debug_ranges  0x00000570       0x90 build/stm32f4xx_hal_rcc.o
 .debug_ranges  0x00000600       0x48 build/stm32f4xx_hal_gpio.o
 .debug_ranges  0x00000648       0xf8 build/stm32f4xx_hal_cortex.o
 .debug_ranges  0x00000740       0xe0 build/stm32f4xx_hal.o
 .debug_ranges  0x00000820      0x2a8 build/stm32f4xx_hal_i2c.o
 .debug_ranges  0x00000ac8       0x18 build/system_stm32f4xx.o
 .debug_ranges  0x00000ae0       0xc8 build/usbd_core.o
 .debug_ranges  0x00000ba8       0x78 build/usbd_ctlreq.o
 .debug_ranges  0x00000c20       0x40 build/usbd_ioreq.o
 .debug_ranges  0x00000c60       0x80 build/usbd_cdc.o
 .debug_ranges  0x00000ce0       0x20 build/startup_stm32f401xe.o

.debug_line     0x00000000    0x12acc
 .debug_line    0x00000000      0x598 build/main.o
 .debug_line    0x00000598      0x3f4 build/ads1115.o
 .debug_line    0x0000098c      0x2f4 build/stm32f4xx_it.o
 .debug_line    0x00000c80      0x297 build/stm32f4xx_hal_msp.o
 .debug_line    0x00000f17      0x233 build/usb_device.o
 .debug_line    0x0000114a      0x370 build/usbd_desc.o
 .debug_line    0x000014ba      0x31c build/usbd_cdc_if.o
 .debug_line    0x000017d6      0x83f build/usbd_conf.o
 .debug_line    0x00002015     0x1549 build/stm32f4xx_hal_pcd.o
 .debug_line    0x0000355e      0x2d6 build/stm32f4xx_hal_pcd_ex.o
 .debug_line    0x00003834     0x1dbe build/stm32f4xx_ll_usb.o
 .debug_line    0x000055f2      0xb2d build/stm32f4xx_hal_rcc.o
 .debug_line    0x0000611f      0x6b2 build/stm32f4xx_hal_gpio.o
 .debug_line    0x000067d1      0x79d build/stm32f4xx_hal_cortex.o
 .debug_line    0x00006f6e      0x58b build/stm32f4xx_hal.o
 .debug_line    0x000074f9     0x52fe build/stm32f4xx_hal_i2c.o
 .debug_line    0x0000c7f7      0x276 build/system_stm32f4xx.o
 .debug_line    0x0000ca6d      0x9ed build/usbd_core.o
 .debug_line    0x0000d45a      0xd67 build/usbd_ctlreq.o
 .debug_line    0x0000e1c1      0x2d0 build/usbd_ioreq.o
 .debug_line    0x0000e491      0xafd build/usbd_cdc.o
 .debug_line    0x0000ef8e       0x76 build/startup_stm32f401xe.o
 .debug_line    0x0000f004      0x56b c:/data/program files (x86)/arm gnu toolchain arm-none-eabi/11.3 rel1/bin/../lib/gcc/arm-none-eabi/11.3.1/thumb/v7e-m+fp/hard\libc_nano.a(libc_a-findfp.o)
 .debug_line    0x0000f56f      0x2a9 c:/data/program files (x86)/arm gnu toolchain arm-none-eabi/11.3 rel1/bin/../lib/gcc/arm-none-eabi/11.3.1/thumb/v7e-m+fp/hard\libc_nano.a(libc_a-sprintf.o)
 .debug_line    0x0000f818      0x176 c:/data/program files (x86)/arm gnu toolchain arm-none-eabi/11.3 rel1/bin/../lib/gcc/arm-none-eabi/11.3.1/thumb/v7e-m+fp/hard\libc_nano.a(libc_a-memset.o)
 .debug_line    0x0000f98e      0x2dd c:/data/program files (x86)/arm gnu toolchain arm-none-eabi/11.3 rel1/bin/../lib/gcc/arm-none-eabi/11.3.1/thumb/v7e-m+fp/hard\libc_nano.a(libc_a-reent.o)
 .debug_line    0x0000fc6b       0xfe c:/data/program files (x86)/arm gnu toolchain arm-none-eabi/11.3 rel1/bin/../lib/gcc/arm-none-eabi/11.3.1/thumb/v7e-m+fp/hard\libc_nano.a(libc_a-impure.o)
 .debug_line    0x0000fd69      0x17f c:/data/program files (x86)/arm gnu toolchain arm-none-eabi/11.3 rel1/bin/../lib/gcc/arm-none-eabi/11.3.1/thumb/v7e-m+fp/hard\libc_nano.a(libc_a-init.o)
 .debug_line    0x0000fee8      0x105 c:/data/program files (x86)/arm gnu toolchain arm-none-eabi/11.3 rel1/bin/../lib/gcc/arm-none-eabi/11.3.1/thumb/v7e-m+fp/hard\libc_nano.a(libc_a-lock.o)
 .debug_line    0x0000ffed       0x4f c:/data/program files (x86)/arm gnu toolchain arm-none-eabi/11.3 rel1/bin/../lib/gcc/arm-none-eabi/11.3.1/thumb/v7e-m+fp/hard\libc_nano.a(libc_a-strlen.o)
 .debug_line    0x0001003c      0x30e c:/data/program files (x86)/arm gnu toolchain arm-none-eabi/11.3 rel1/bin/../lib/gcc/arm-none-eabi/11.3.1/thumb/v7e-m+fp/hard\libc_nano.a(libc_a-freer.o)
 .debug_line    0x0001034a      0x4b1 c:/data/program files (x86)/arm gnu toolchain arm-none-eabi/11.3 rel1/bin/../lib/gcc/arm-none-eabi/11.3.1/thumb/v7e-m+fp/hard\libc_nano.a(libc_a-mallocr.o)
 .debug_line    0x000107fb      0x1e6 c:/data/program files (x86)/arm gnu toolchain arm-none-eabi/11.3 rel1/bin/../lib/gcc/arm-none-eabi/11.3.1/thumb/v7e-m+fp/hard\libc_nano.a(libc_a-mlock.o)
 .debug_line    0x000109e1      0x864 c:/data/program files (x86)/arm gnu toolchain arm-none-eabi/11.3 rel1/bin/../lib/gcc/arm-none-eabi/11.3.1/thumb/v7e-m+fp/hard\libc_nano.a(libc_a-nano-svfprintf.o)
 .debug_line    0x00011245      0x73f c:/data/program files (x86)/arm gnu toolchain arm-none-eabi/11.3 rel1/bin/../lib/gcc/arm-none-eabi/11.3.1/thumb/v7e-m+fp/hard\libc_nano.a(libc_a-nano-vfprintf_i.o)
 .debug_line    0x00011984      0x1b4 c:/data/program files (x86)/arm gnu toolchain arm-none-eabi/11.3 rel1/bin/../lib/gcc/arm-none-eabi/11.3.1/thumb/v7e-m+fp/hard\libc_nano.a(libc_a-memmove.o)
 .debug_line    0x00011b38      0x214 c:/data/program files (x86)/arm gnu toolchain arm-none-eabi/11.3 rel1/bin/../lib/gcc/arm-none-eabi/11.3.1/thumb/v7e-m+fp/hard\libc_nano.a(libc_a-sbrkr.o)
 .debug_line    0x00011d4c       0x82 c:/data/program files (x86)/arm gnu toolchain arm-none-eabi/11.3 rel1/bin/../lib/gcc/arm-none-eabi/11.3.1/thumb/v7e-m+fp/hard\libc_nano.a(libc_a-memchr.o)
 .debug_line    0x00011dce      0x191 c:/data/program files (x86)/arm gnu toolchain arm-none-eabi/11.3 rel1/bin/../lib/gcc/arm-none-eabi/11.3.1/thumb/v7e-m+fp/hard\libc_nano.a(libc_a-memcpy-stub.o)
 .debug_line    0x00011f5f      0x25d c:/data/program files (x86)/arm gnu toolchain arm-none-eabi/11.3 rel1/bin/../lib/gcc/arm-none-eabi/11.3.1/thumb/v7e-m+fp/hard\libc_nano.a(libc_a-reallocr.o)
 .debug_line    0x000121bc      0x1f0 c:/data/program files (x86)/arm gnu toolchain arm-none-eabi/11.3 rel1/bin/../lib/gcc/arm-none-eabi/11.3.1/thumb/v7e-m+fp/hard\libc_nano.a(libc_a-msizer.o)
 .debug_line    0x000123ac       0xa3 c:/data/program files (x86)/arm gnu toolchain arm-none-eabi/11.3 rel1/bin/../lib/gcc/arm-none-eabi/11.3.1/thumb/v7e-m+fp/hard\libnosys.a(sbrk.o)
 .debug_line    0x0001244f       0x4e c:/data/program files (x86)/arm gnu toolchain arm-none-eabi/11.3 rel1/bin/../lib/gcc/arm-none-eabi/11.3.1/thumb/v7e-m+fp/hard\libgcc.a(_aeabi_uldivmod.o)
 .debug_line    0x0001249d      0x5e5 c:/data/program files (x86)/arm gnu toolchain arm-none-eabi/11.3 rel1/bin/../lib/gcc/arm-none-eabi/11.3.1/thumb/v7e-m+fp/hard\libgcc.a(_udivmoddi4.o)
 .debug_line    0x00012a82       0x4a c:/data/program files (x86)/arm gnu toolchain arm-none-eabi/11.3 rel1/bin/../lib/gcc/arm-none-eabi/11.3.1/thumb/v7e-m+fp/hard\libgcc.a(_dvmd_tls.o)

.debug_str      0x00000000     0x629d
 .debug_str     0x00000000      0xdb6 build/main.o
                                0xe89 (size before relaxing)
 .debug_str     0x00000db6       0xbb build/ads1115.o
                                0xc13 (size before relaxing)
 .debug_str     0x00000e71      0x42e build/stm32f4xx_it.o
                                0x615 (size before relaxing)
 .debug_str     0x0000129f       0xd0 build/stm32f4xx_hal_msp.o
                                0x840 (size before relaxing)
 .debug_str     0x0000136f      0x438 build/usb_device.o
                                0x695 (size before relaxing)
 .debug_str     0x000017a7      0x181 build/usbd_desc.o